
*** Running vivado
    with args -log pipeline.vds -m64 -product Vivado -mode batch -messageDb vivado.pb -notrace -source pipeline.tcl


****** Vivado v2024.2 (64-bit)
  **** SW Build 5239630 on Fri Nov 08 22:34:34 MST 2024
  **** IP Build 5239520 on Sun Nov 10 16:12:51 MST 2024
  **** SharedData Build 5239561 on Fri Nov 08 14:39:27 MST 2024
  **** Start of session at: Fri May 15 17:02:53 2026
    ** Copyright 1986-2022 Xilinx, Inc. All Rights Reserved.
    ** Copyright 2022-2024 Advanced Micro Devices, Inc. All Rights Reserved.

source pipeline.tcl -notrace
Command: read_checkpoint -auto_incremental -incremental /home/mougnibas/Bureau/4IR/S2/projet-systeme-info/VHDL/projet-systeme-info/projet-systeme-info.srcs/utils_1/imports/synth_1/ALU.dcp
INFO: [Vivado 12-5825] Read reference checkpoint from /home/mougnibas/Bureau/4IR/S2/projet-systeme-info/VHDL/projet-systeme-info/projet-systeme-info.srcs/utils_1/imports/synth_1/ALU.dcp for incremental synthesis
INFO: [Vivado 12-7989] Please ensure there are no constraint changes
Command: synth_design -top pipeline -part xc7a35tcpg236-1
Starting synth_design
Attempting to get a license for feature 'Synthesis' and/or device 'xc7a35t'
INFO: [Common 17-349] Got license for feature 'Synthesis' and/or device 'xc7a35t'
INFO: [Device 21-403] Loading part xc7a35tcpg236-1
INFO: [Designutils 20-5440] No compile time benefit to using incremental synthesis; A full resynthesis will be run
INFO: [Designutils 20-4379] Flow is switching to default flow due to incremental criteria not met. If you would like to alter this behaviour and have the flow terminate instead, please set the following parameter config_implementation {autoIncr.Synth.RejectBehavior Terminate}
INFO: [Synth 8-7079] Multithreading enabled for synth_design using a maximum of 7 processes.
INFO: [Synth 8-7078] Launching helper process for spawning children vivado processes
INFO: [Synth 8-7075] Helper process launched with PID 97029
---------------------------------------------------------------------------------
Starting RTL Elaboration : Time (s): cpu = 00:00:03 ; elapsed = 00:00:04 . Memory (MB): peak = 1916.102 ; gain = 426.832 ; free physical = 5727 ; free virtual = 8761
---------------------------------------------------------------------------------
INFO: [Synth 8-638] synthesizing module 'pipeline' [/home/mougnibas/Bureau/4IR/S2/projet-systeme-info/VHDL/projet-systeme-info/projet-systeme-info.srcs/sources_1/new/pipeline.vhd:42]
INFO: [Synth 8-3491] module 'ROM' declared at '/home/mougnibas/Bureau/4IR/S2/projet-systeme-info/VHDL/projet-systeme-info/projet-systeme-info.srcs/sources_1/new/ROM.vhd:34' bound to instance 'mem_code' of component 'ROM' [/home/mougnibas/Bureau/4IR/S2/projet-systeme-info/VHDL/projet-systeme-info/projet-systeme-info.srcs/sources_1/new/pipeline.vhd:263]
INFO: [Synth 8-638] synthesizing module 'ROM' [/home/mougnibas/Bureau/4IR/S2/projet-systeme-info/VHDL/projet-systeme-info/projet-systeme-info.srcs/sources_1/new/ROM.vhd:43]
INFO: [Synth 8-256] done synthesizing module 'ROM' (0#1) [/home/mougnibas/Bureau/4IR/S2/projet-systeme-info/VHDL/projet-systeme-info/projet-systeme-info.srcs/sources_1/new/ROM.vhd:43]
INFO: [Synth 8-3491] module 'LIDI' declared at '/home/mougnibas/Bureau/4IR/S2/projet-systeme-info/VHDL/projet-systeme-info/projet-systeme-info.srcs/sources_1/new/LIDI.vhd:34' bound to instance 'li_di' of component 'LIDI' [/home/mougnibas/Bureau/4IR/S2/projet-systeme-info/VHDL/projet-systeme-info/projet-systeme-info.srcs/sources_1/new/pipeline.vhd:267]
INFO: [Synth 8-638] synthesizing module 'LIDI' [/home/mougnibas/Bureau/4IR/S2/projet-systeme-info/VHDL/projet-systeme-info/projet-systeme-info.srcs/sources_1/new/LIDI.vhd:42]
INFO: [Synth 8-256] done synthesizing module 'LIDI' (0#1) [/home/mougnibas/Bureau/4IR/S2/projet-systeme-info/VHDL/projet-systeme-info/projet-systeme-info.srcs/sources_1/new/LIDI.vhd:42]
INFO: [Synth 8-3491] module 'BANC' declared at '/home/mougnibas/Bureau/4IR/S2/projet-systeme-info/VHDL/projet-systeme-info/projet-systeme-info.srcs/sources_1/new/BANC_REG.vhd:5' bound to instance 'banc_registres_principal' of component 'BANC_REG' [/home/mougnibas/Bureau/4IR/S2/projet-systeme-info/VHDL/projet-systeme-info/projet-systeme-info.srcs/sources_1/new/pipeline.vhd:277]
INFO: [Synth 8-638] synthesizing module 'BANC' [/home/mougnibas/Bureau/4IR/S2/projet-systeme-info/VHDL/projet-systeme-info/projet-systeme-info.srcs/sources_1/new/BANC_REG.vhd:24]
INFO: [Synth 8-256] done synthesizing module 'BANC' (0#1) [/home/mougnibas/Bureau/4IR/S2/projet-systeme-info/VHDL/projet-systeme-info/projet-systeme-info.srcs/sources_1/new/BANC_REG.vhd:24]
INFO: [Synth 8-3491] module 'lc_re' declared at '/home/mougnibas/Bureau/4IR/S2/projet-systeme-info/VHDL/projet-systeme-info/projet-systeme-info.srcs/sources_1/new/lc_re.vhd:34' bound to instance 'lc_registre' of component 'LC_RE' [/home/mougnibas/Bureau/4IR/S2/projet-systeme-info/VHDL/projet-systeme-info/projet-systeme-info.srcs/sources_1/new/pipeline.vhd:289]
INFO: [Synth 8-638] synthesizing module 'lc_re' [/home/mougnibas/Bureau/4IR/S2/projet-systeme-info/VHDL/projet-systeme-info/projet-systeme-info.srcs/sources_1/new/lc_re.vhd:40]
INFO: [Synth 8-256] done synthesizing module 'lc_re' (0#1) [/home/mougnibas/Bureau/4IR/S2/projet-systeme-info/VHDL/projet-systeme-info/projet-systeme-info.srcs/sources_1/new/lc_re.vhd:40]
INFO: [Synth 8-3491] module 'mux_br' declared at '/home/mougnibas/Bureau/4IR/S2/projet-systeme-info/VHDL/projet-systeme-info/projet-systeme-info.srcs/sources_1/new/mux_br.vhd:34' bound to instance 'mux_registre' of component 'MUX_BR' [/home/mougnibas/Bureau/4IR/S2/projet-systeme-info/VHDL/projet-systeme-info/projet-systeme-info.srcs/sources_1/new/pipeline.vhd:293]
INFO: [Synth 8-638] synthesizing module 'mux_br' [/home/mougnibas/Bureau/4IR/S2/projet-systeme-info/VHDL/projet-systeme-info/projet-systeme-info.srcs/sources_1/new/mux_br.vhd:41]
INFO: [Synth 8-256] done synthesizing module 'mux_br' (0#1) [/home/mougnibas/Bureau/4IR/S2/projet-systeme-info/VHDL/projet-systeme-info/projet-systeme-info.srcs/sources_1/new/mux_br.vhd:41]
INFO: [Synth 8-3491] module 'ALU' declared at '/home/mougnibas/Bureau/4IR/S2/projet-systeme-info/VHDL/projet-systeme-info/projet-systeme-info.srcs/sources_1/new/ALU.vhd:35' bound to instance 'alu' of component 'ALU_COMP' [/home/mougnibas/Bureau/4IR/S2/projet-systeme-info/VHDL/projet-systeme-info/projet-systeme-info.srcs/sources_1/new/pipeline.vhd:311]
INFO: [Synth 8-638] synthesizing module 'ALU' [/home/mougnibas/Bureau/4IR/S2/projet-systeme-info/VHDL/projet-systeme-info/projet-systeme-info.srcs/sources_1/new/ALU.vhd:49]
INFO: [Synth 8-256] done synthesizing module 'ALU' (0#1) [/home/mougnibas/Bureau/4IR/S2/projet-systeme-info/VHDL/projet-systeme-info/projet-systeme-info.srcs/sources_1/new/ALU.vhd:49]
INFO: [Synth 8-3491] module 'LC_UAL' declared at '/home/mougnibas/Bureau/4IR/S2/projet-systeme-info/VHDL/projet-systeme-info/projet-systeme-info.srcs/sources_1/new/LC_UAL.vhd:34' bound to instance 'lc_alu' of component 'LC_UAL' [/home/mougnibas/Bureau/4IR/S2/projet-systeme-info/VHDL/projet-systeme-info/projet-systeme-info.srcs/sources_1/new/pipeline.vhd:324]
INFO: [Synth 8-638] synthesizing module 'LC_UAL' [/home/mougnibas/Bureau/4IR/S2/projet-systeme-info/VHDL/projet-systeme-info/projet-systeme-info.srcs/sources_1/new/LC_UAL.vhd:39]
INFO: [Synth 8-256] done synthesizing module 'LC_UAL' (0#1) [/home/mougnibas/Bureau/4IR/S2/projet-systeme-info/VHDL/projet-systeme-info/projet-systeme-info.srcs/sources_1/new/LC_UAL.vhd:39]
INFO: [Synth 8-3491] module 'retard_B_alu' declared at '/home/mougnibas/Bureau/4IR/S2/projet-systeme-info/VHDL/projet-systeme-info/projet-systeme-info.srcs/sources_1/new/retard_B_alu.vhd:33' bound to instance 'retardateur_b' of component 'retard_B_ALU' [/home/mougnibas/Bureau/4IR/S2/projet-systeme-info/VHDL/projet-systeme-info/projet-systeme-info.srcs/sources_1/new/pipeline.vhd:330]
INFO: [Synth 8-638] synthesizing module 'retard_B_alu' [/home/mougnibas/Bureau/4IR/S2/projet-systeme-info/VHDL/projet-systeme-info/projet-systeme-info.srcs/sources_1/new/retard_B_alu.vhd:40]
INFO: [Synth 8-256] done synthesizing module 'retard_B_alu' (0#1) [/home/mougnibas/Bureau/4IR/S2/projet-systeme-info/VHDL/projet-systeme-info/projet-systeme-info.srcs/sources_1/new/retard_B_alu.vhd:40]
INFO: [Synth 8-3491] module 'mux_ual' declared at '/home/mougnibas/Bureau/4IR/S2/projet-systeme-info/VHDL/projet-systeme-info/projet-systeme-info.srcs/sources_1/new/mux_ual.vhd:34' bound to instance 'mux_alu' of component 'MUX_UAL' [/home/mougnibas/Bureau/4IR/S2/projet-systeme-info/VHDL/projet-systeme-info/projet-systeme-info.srcs/sources_1/new/pipeline.vhd:337]
INFO: [Synth 8-638] synthesizing module 'mux_ual' [/home/mougnibas/Bureau/4IR/S2/projet-systeme-info/VHDL/projet-systeme-info/projet-systeme-info.srcs/sources_1/new/mux_ual.vhd:41]
INFO: [Synth 8-256] done synthesizing module 'mux_ual' (0#1) [/home/mougnibas/Bureau/4IR/S2/projet-systeme-info/VHDL/projet-systeme-info/projet-systeme-info.srcs/sources_1/new/mux_ual.vhd:41]
INFO: [Synth 8-3491] module 'DIEX' declared at '/home/mougnibas/Bureau/4IR/S2/projet-systeme-info/VHDL/projet-systeme-info/projet-systeme-info.srcs/sources_1/new/DIEX.vhd:34' bound to instance 'di_ex' of component 'DIEX' [/home/mougnibas/Bureau/4IR/S2/projet-systeme-info/VHDL/projet-systeme-info/projet-systeme-info.srcs/sources_1/new/pipeline.vhd:345]
INFO: [Synth 8-638] synthesizing module 'DIEX' [/home/mougnibas/Bureau/4IR/S2/projet-systeme-info/VHDL/projet-systeme-info/projet-systeme-info.srcs/sources_1/new/DIEX.vhd:42]
INFO: [Synth 8-256] done synthesizing module 'DIEX' (0#1) [/home/mougnibas/Bureau/4IR/S2/projet-systeme-info/VHDL/projet-systeme-info/projet-systeme-info.srcs/sources_1/new/DIEX.vhd:42]
INFO: [Synth 8-3491] module 'EXMEM' declared at '/home/mougnibas/Bureau/4IR/S2/projet-systeme-info/VHDL/projet-systeme-info/projet-systeme-info.srcs/sources_1/new/EXMEM.vhd:34' bound to instance 'ex_mem' of component 'EXMEM' [/home/mougnibas/Bureau/4IR/S2/projet-systeme-info/VHDL/projet-systeme-info/projet-systeme-info.srcs/sources_1/new/pipeline.vhd:359]
INFO: [Synth 8-638] synthesizing module 'EXMEM' [/home/mougnibas/Bureau/4IR/S2/projet-systeme-info/VHDL/projet-systeme-info/projet-systeme-info.srcs/sources_1/new/EXMEM.vhd:41]
INFO: [Synth 8-256] done synthesizing module 'EXMEM' (0#1) [/home/mougnibas/Bureau/4IR/S2/projet-systeme-info/VHDL/projet-systeme-info/projet-systeme-info.srcs/sources_1/new/EXMEM.vhd:41]
INFO: [Synth 8-3491] module 'mux_ex_mem_to_mem' declared at '/home/mougnibas/Bureau/4IR/S2/projet-systeme-info/VHDL/projet-systeme-info/projet-systeme-info.srcs/sources_1/new/mux_ex_mem_to_mem.vhd:34' bound to instance 'mux_ex_mem_to_mem_component' of component 'MUX_EX_MEM_TO_MEM' [/home/mougnibas/Bureau/4IR/S2/projet-systeme-info/VHDL/projet-systeme-info/projet-systeme-info.srcs/sources_1/new/pipeline.vhd:371]
INFO: [Synth 8-638] synthesizing module 'mux_ex_mem_to_mem' [/home/mougnibas/Bureau/4IR/S2/projet-systeme-info/VHDL/projet-systeme-info/projet-systeme-info.srcs/sources_1/new/mux_ex_mem_to_mem.vhd:38]
INFO: [Synth 8-256] done synthesizing module 'mux_ex_mem_to_mem' (0#1) [/home/mougnibas/Bureau/4IR/S2/projet-systeme-info/VHDL/projet-systeme-info/projet-systeme-info.srcs/sources_1/new/mux_ex_mem_to_mem.vhd:38]
INFO: [Synth 8-3491] module 'DATA_MEM' declared at '/home/mougnibas/Bureau/4IR/S2/projet-systeme-info/VHDL/projet-systeme-info/projet-systeme-info.srcs/sources_1/new/DATA_MEM.vhd:34' bound to instance 'data_mem' of component 'DATA_MEM_COMP' [/home/mougnibas/Bureau/4IR/S2/projet-systeme-info/VHDL/projet-systeme-info/projet-systeme-info.srcs/sources_1/new/pipeline.vhd:375]
INFO: [Synth 8-638] synthesizing module 'DATA_MEM' [/home/mougnibas/Bureau/4IR/S2/projet-systeme-info/VHDL/projet-systeme-info/projet-systeme-info.srcs/sources_1/new/DATA_MEM.vhd:45]
INFO: [Synth 8-256] done synthesizing module 'DATA_MEM' (0#1) [/home/mougnibas/Bureau/4IR/S2/projet-systeme-info/VHDL/projet-systeme-info/projet-systeme-info.srcs/sources_1/new/DATA_MEM.vhd:45]
INFO: [Synth 8-3491] module 'lc_mem' declared at '/home/mougnibas/Bureau/4IR/S2/projet-systeme-info/VHDL/projet-systeme-info/projet-systeme-info.srcs/sources_1/new/lc_mem.vhd:34' bound to instance 'lc_data_mem' of component 'LC_MEM' [/home/mougnibas/Bureau/4IR/S2/projet-systeme-info/VHDL/projet-systeme-info/projet-systeme-info.srcs/sources_1/new/pipeline.vhd:383]
INFO: [Synth 8-638] synthesizing module 'lc_mem' [/home/mougnibas/Bureau/4IR/S2/projet-systeme-info/VHDL/projet-systeme-info/projet-systeme-info.srcs/sources_1/new/lc_mem.vhd:39]
INFO: [Synth 8-256] done synthesizing module 'lc_mem' (0#1) [/home/mougnibas/Bureau/4IR/S2/projet-systeme-info/VHDL/projet-systeme-info/projet-systeme-info.srcs/sources_1/new/lc_mem.vhd:39]
INFO: [Synth 8-3491] module 'mux_data_mem' declared at '/home/mougnibas/Bureau/4IR/S2/projet-systeme-info/VHDL/projet-systeme-info/projet-systeme-info.srcs/sources_1/new/mux_data_mem.vhd:34' bound to instance 'mux_data' of component 'MUX_DATA_MEM' [/home/mougnibas/Bureau/4IR/S2/projet-systeme-info/VHDL/projet-systeme-info/projet-systeme-info.srcs/sources_1/new/pipeline.vhd:386]
INFO: [Synth 8-638] synthesizing module 'mux_data_mem' [/home/mougnibas/Bureau/4IR/S2/projet-systeme-info/VHDL/projet-systeme-info/projet-systeme-info.srcs/sources_1/new/mux_data_mem.vhd:43]
INFO: [Synth 8-256] done synthesizing module 'mux_data_mem' (0#1) [/home/mougnibas/Bureau/4IR/S2/projet-systeme-info/VHDL/projet-systeme-info/projet-systeme-info.srcs/sources_1/new/mux_data_mem.vhd:43]
INFO: [Synth 8-3491] module 'MEMRE' declared at '/home/mougnibas/Bureau/4IR/S2/projet-systeme-info/VHDL/projet-systeme-info/projet-systeme-info.srcs/sources_1/new/MEMRE.vhd:34' bound to instance 'mem_re' of component 'MEMRE' [/home/mougnibas/Bureau/4IR/S2/projet-systeme-info/VHDL/projet-systeme-info/projet-systeme-info.srcs/sources_1/new/pipeline.vhd:389]
INFO: [Synth 8-638] synthesizing module 'MEMRE' [/home/mougnibas/Bureau/4IR/S2/projet-systeme-info/VHDL/projet-systeme-info/projet-systeme-info.srcs/sources_1/new/MEMRE.vhd:41]
INFO: [Synth 8-256] done synthesizing module 'MEMRE' (0#1) [/home/mougnibas/Bureau/4IR/S2/projet-systeme-info/VHDL/projet-systeme-info/projet-systeme-info.srcs/sources_1/new/MEMRE.vhd:41]
WARNING: [Synth 8-614] signal 'RST' is read in the process but is not in the sensitivity list [/home/mougnibas/Bureau/4IR/S2/projet-systeme-info/VHDL/projet-systeme-info/projet-systeme-info.srcs/sources_1/new/pipeline.vhd:400]
INFO: [Synth 8-256] done synthesizing module 'pipeline' (0#1) [/home/mougnibas/Bureau/4IR/S2/projet-systeme-info/VHDL/projet-systeme-info/projet-systeme-info.srcs/sources_1/new/pipeline.vhd:42]
WARNING: [Synth 8-6014] Unused sequential element r1_res_reg was removed.  [/home/mougnibas/Bureau/4IR/S2/projet-systeme-info/VHDL/projet-systeme-info/projet-systeme-info.srcs/sources_1/new/ALU.vhd:93]
WARNING: [Synth 8-7129] Port op[7] in module mux_data_mem is either unconnected or has no load
WARNING: [Synth 8-7129] Port op[6] in module mux_data_mem is either unconnected or has no load
WARNING: [Synth 8-7129] Port op[4] in module mux_data_mem is either unconnected or has no load
WARNING: [Synth 8-7129] Port op[3] in module mux_data_mem is either unconnected or has no load
WARNING: [Synth 8-7129] Port op[2] in module mux_data_mem is either unconnected or has no load
WARNING: [Synth 8-7129] Port op[1] in module mux_data_mem is either unconnected or has no load
WARNING: [Synth 8-7129] Port op[0] in module mux_data_mem is either unconnected or has no load
WARNING: [Synth 8-7129] Port op_code[7] in module mux_ual is either unconnected or has no load
WARNING: [Synth 8-7129] Port op_code[5] in module mux_ual is either unconnected or has no load
WARNING: [Synth 8-7129] Port op_code[4] in module mux_ual is either unconnected or has no load
WARNING: [Synth 8-7129] Port op_code[3] in module mux_ual is either unconnected or has no load
WARNING: [Synth 8-7129] Port op_code[2] in module mux_ual is either unconnected or has no load
WARNING: [Synth 8-7129] Port op_code[1] in module mux_ual is either unconnected or has no load
WARNING: [Synth 8-7129] Port op_code[0] in module mux_ual is either unconnected or has no load
WARNING: [Synth 8-7129] Port op[7] in module LC_UAL is either unconnected or has no load
WARNING: [Synth 8-7129] Port op[6] in module LC_UAL is either unconnected or has no load
WARNING: [Synth 8-7129] Port op[5] in module LC_UAL is either unconnected or has no load
WARNING: [Synth 8-7129] Port op[4] in module LC_UAL is either unconnected or has no load
WARNING: [Synth 8-7129] Port op[3] in module LC_UAL is either unconnected or has no load
WARNING: [Synth 8-7129] Port op[6] in module lc_re is either unconnected or has no load
WARNING: [Synth 8-7129] Port op[5] in module lc_re is either unconnected or has no load
WARNING: [Synth 8-7129] Port op[4] in module lc_re is either unconnected or has no load
WARNING: [Synth 8-7129] Port op[3] in module lc_re is either unconnected or has no load
WARNING: [Synth 8-7129] Port op[2] in module lc_re is either unconnected or has no load
WARNING: [Synth 8-7129] Port op[1] in module lc_re is either unconnected or has no load
WARNING: [Synth 8-7129] Port op[0] in module lc_re is either unconnected or has no load
---------------------------------------------------------------------------------
Finished RTL Elaboration : Time (s): cpu = 00:00:05 ; elapsed = 00:00:06 . Memory (MB): peak = 2037.070 ; gain = 547.801 ; free physical = 5667 ; free virtual = 8702
---------------------------------------------------------------------------------
---------------------------------------------------------------------------------
Start Handling Custom Attributes
---------------------------------------------------------------------------------
---------------------------------------------------------------------------------
Finished Handling Custom Attributes : Time (s): cpu = 00:00:05 ; elapsed = 00:00:06 . Memory (MB): peak = 2045.977 ; gain = 556.707 ; free physical = 5665 ; free virtual = 8700
---------------------------------------------------------------------------------
---------------------------------------------------------------------------------
Finished RTL Optimization Phase 1 : Time (s): cpu = 00:00:05 ; elapsed = 00:00:06 . Memory (MB): peak = 2045.977 ; gain = 556.707 ; free physical = 5665 ; free virtual = 8700
---------------------------------------------------------------------------------
Netlist sorting complete. Time (s): cpu = 00:00:00.01 ; elapsed = 00:00:00.02 . Memory (MB): peak = 2045.977 ; gain = 0.000 ; free physical = 5665 ; free virtual = 8700
INFO: [Project 1-570] Preparing netlist for logic optimization

Processing XDC Constraints
Initializing timing engine
Parsing XDC File [/home/mougnibas/Bureau/4IR/S2/projet-systeme-info/VHDL/projet-systeme-info/projet-systeme-info.srcs/constrs_1/new/test.xdc]
Finished Parsing XDC File [/home/mougnibas/Bureau/4IR/S2/projet-systeme-info/VHDL/projet-systeme-info/projet-systeme-info.srcs/constrs_1/new/test.xdc]
INFO: [Project 1-236] Implementation specific constraints were found while reading constraint file [/home/mougnibas/Bureau/4IR/S2/projet-systeme-info/VHDL/projet-systeme-info/projet-systeme-info.srcs/constrs_1/new/test.xdc]. These constraints will be ignored for synthesis but will be used in implementation. Impacted constraints are listed in the file [.Xil/pipeline_propImpl.xdc].
Resolution: To avoid this warning, move constraints listed in [.Xil/pipeline_propImpl.xdc] to another XDC file and exclude this new file from synthesis with the used_in_synthesis property (File Properties dialog in GUI) and re-run elaboration/synthesis.
Completed Processing XDC Constraints

Netlist sorting complete. Time (s): cpu = 00:00:00 ; elapsed = 00:00:00.01 . Memory (MB): peak = 2189.727 ; gain = 0.000 ; free physical = 5660 ; free virtual = 8695
INFO: [Project 1-111] Unisim Transformation Summary:
No Unisim elements were transformed.

Constraint Validation Runtime : Time (s): cpu = 00:00:00.01 ; elapsed = 00:00:00.01 . Memory (MB): peak = 2189.727 ; gain = 0.000 ; free physical = 5660 ; free virtual = 8695
INFO: [Designutils 20-5440] No compile time benefit to using incremental synthesis; A full resynthesis will be run
INFO: [Designutils 20-4379] Flow is switching to default flow due to incremental criteria not met. If you would like to alter this behaviour and have the flow terminate instead, please set the following parameter config_implementation {autoIncr.Synth.RejectBehavior Terminate}
---------------------------------------------------------------------------------
Finished Constraint Validation : Time (s): cpu = 00:00:11 ; elapsed = 00:00:12 . Memory (MB): peak = 2189.727 ; gain = 700.457 ; free physical = 5700 ; free virtual = 8735
---------------------------------------------------------------------------------
---------------------------------------------------------------------------------
Start Loading Part and Timing Information
---------------------------------------------------------------------------------
Loading part: xc7a35tcpg236-1
---------------------------------------------------------------------------------
Finished Loading Part and Timing Information : Time (s): cpu = 00:00:11 ; elapsed = 00:00:12 . Memory (MB): peak = 2197.730 ; gain = 708.461 ; free physical = 5700 ; free virtual = 8735
---------------------------------------------------------------------------------
---------------------------------------------------------------------------------
Start Applying 'set_property' XDC Constraints
---------------------------------------------------------------------------------
---------------------------------------------------------------------------------
Finished applying 'set_property' XDC Constraints : Time (s): cpu = 00:00:11 ; elapsed = 00:00:12 . Memory (MB): peak = 2197.730 ; gain = 708.461 ; free physical = 5700 ; free virtual = 8735
---------------------------------------------------------------------------------
---------------------------------------------------------------------------------
Finished RTL Optimization Phase 2 : Time (s): cpu = 00:00:12 ; elapsed = 00:00:13 . Memory (MB): peak = 2197.730 ; gain = 708.461 ; free physical = 5729 ; free virtual = 8766
---------------------------------------------------------------------------------
---------------------------------------------------------------------------------
Start RTL Component Statistics 
---------------------------------------------------------------------------------
Detailed RTL Component Info : 
+---Adders : 
	   3 Input   16 Bit       Adders := 1     
	   2 Input   16 Bit       Adders := 1     
	   2 Input    8 Bit       Adders := 1     
+---XORs : 
	   2 Input      8 Bit         XORs := 1     
+---Registers : 
	               32 Bit    Registers := 1     
	               16 Bit    Registers := 1     
	                8 Bit    Registers := 294   
	                3 Bit    Registers := 1     
	                1 Bit    Registers := 4     
+---Muxes : 
	 257 Input   32 Bit        Muxes := 1     
	   7 Input   16 Bit        Muxes := 2     
	   2 Input    8 Bit        Muxes := 5     
	   2 Input    1 Bit        Muxes := 16    
---------------------------------------------------------------------------------
Finished RTL Component Statistics 
---------------------------------------------------------------------------------
---------------------------------------------------------------------------------
Start Part Resource Summary
---------------------------------------------------------------------------------
Part Resources:
DSPs: 90 (col length:60)
BRAMs: 100 (col length: RAMB18 60 RAMB36 30)
---------------------------------------------------------------------------------
Finished Part Resource Summary
---------------------------------------------------------------------------------
---------------------------------------------------------------------------------
Start Cross Boundary and Area Optimization
---------------------------------------------------------------------------------
WARNING: [Synth 8-7080] Parallel synthesis criteria is not met
WARNING: [Synth 8-3936] Found unconnected internal register 'li_di/C_reg' and it is trimmed from '8' to '4' bits. [/home/mougnibas/Bureau/4IR/S2/projet-systeme-info/VHDL/projet-systeme-info/projet-systeme-info.srcs/sources_1/new/LIDI.vhd:50]
WARNING: [Synth 8-3936] Found unconnected internal register 'mem_re/A_OUT_reg' and it is trimmed from '8' to '4' bits. [/home/mougnibas/Bureau/4IR/S2/projet-systeme-info/VHDL/projet-systeme-info/projet-systeme-info.srcs/sources_1/new/MEMRE.vhd:47]
---------------------------------------------------------------------------------
Finished Cross Boundary and Area Optimization : Time (s): cpu = 00:00:18 ; elapsed = 00:00:19 . Memory (MB): peak = 2197.730 ; gain = 708.461 ; free physical = 5659 ; free virtual = 8703
---------------------------------------------------------------------------------
---------------------------------------------------------------------------------
Start Applying XDC Timing Constraints
---------------------------------------------------------------------------------
---------------------------------------------------------------------------------
Finished Applying XDC Timing Constraints : Time (s): cpu = 00:00:23 ; elapsed = 00:00:24 . Memory (MB): peak = 2197.730 ; gain = 708.461 ; free physical = 5642 ; free virtual = 8686
---------------------------------------------------------------------------------
---------------------------------------------------------------------------------
Start Timing Optimization
---------------------------------------------------------------------------------
---------------------------------------------------------------------------------
Finished Timing Optimization : Time (s): cpu = 00:00:24 ; elapsed = 00:00:25 . Memory (MB): peak = 2229.777 ; gain = 740.508 ; free physical = 5612 ; free virtual = 8657
---------------------------------------------------------------------------------
---------------------------------------------------------------------------------
Start Technology Mapping
---------------------------------------------------------------------------------
---------------------------------------------------------------------------------
Finished Technology Mapping : Time (s): cpu = 00:00:25 ; elapsed = 00:00:26 . Memory (MB): peak = 2230.785 ; gain = 741.516 ; free physical = 5614 ; free virtual = 8659
---------------------------------------------------------------------------------
---------------------------------------------------------------------------------
Start IO Insertion
---------------------------------------------------------------------------------
---------------------------------------------------------------------------------
Start Flattening Before IO Insertion
---------------------------------------------------------------------------------
---------------------------------------------------------------------------------
Finished Flattening Before IO Insertion
---------------------------------------------------------------------------------
---------------------------------------------------------------------------------
Start Final Netlist Cleanup
---------------------------------------------------------------------------------
---------------------------------------------------------------------------------
Finished Final Netlist Cleanup
---------------------------------------------------------------------------------
---------------------------------------------------------------------------------
Finished IO Insertion : Time (s): cpu = 00:00:28 ; elapsed = 00:00:29 . Memory (MB): peak = 2378.598 ; gain = 889.328 ; free physical = 5498 ; free virtual = 8543
---------------------------------------------------------------------------------
---------------------------------------------------------------------------------
Start Renaming Generated Instances
---------------------------------------------------------------------------------
---------------------------------------------------------------------------------
Finished Renaming Generated Instances : Time (s): cpu = 00:00:28 ; elapsed = 00:00:29 . Memory (MB): peak = 2378.598 ; gain = 889.328 ; free physical = 5498 ; free virtual = 8543
---------------------------------------------------------------------------------
---------------------------------------------------------------------------------
Start Rebuilding User Hierarchy
---------------------------------------------------------------------------------
---------------------------------------------------------------------------------
Finished Rebuilding User Hierarchy : Time (s): cpu = 00:00:28 ; elapsed = 00:00:30 . Memory (MB): peak = 2378.598 ; gain = 889.328 ; free physical = 5498 ; free virtual = 8543
---------------------------------------------------------------------------------
---------------------------------------------------------------------------------
Start Renaming Generated Ports
---------------------------------------------------------------------------------
---------------------------------------------------------------------------------
Finished Renaming Generated Ports : Time (s): cpu = 00:00:28 ; elapsed = 00:00:30 . Memory (MB): peak = 2378.598 ; gain = 889.328 ; free physical = 5498 ; free virtual = 8543
---------------------------------------------------------------------------------
---------------------------------------------------------------------------------
Start Handling Custom Attributes
---------------------------------------------------------------------------------
---------------------------------------------------------------------------------
Finished Handling Custom Attributes : Time (s): cpu = 00:00:28 ; elapsed = 00:00:30 . Memory (MB): peak = 2378.598 ; gain = 889.328 ; free physical = 5498 ; free virtual = 8543
---------------------------------------------------------------------------------
---------------------------------------------------------------------------------
Start Renaming Generated Nets
---------------------------------------------------------------------------------
---------------------------------------------------------------------------------
Finished Renaming Generated Nets : Time (s): cpu = 00:00:28 ; elapsed = 00:00:30 . Memory (MB): peak = 2378.598 ; gain = 889.328 ; free physical = 5498 ; free virtual = 8543
---------------------------------------------------------------------------------
---------------------------------------------------------------------------------
Start ROM, RAM, DSP, Shift Register and Retiming Reporting
---------------------------------------------------------------------------------

Static Shift Register Report:
+------------+----------------------+--------+-------+--------------+--------------------+-------------------+--------+---------+
|Module Name | RTL Name             | Length | Width | Reset Signal | Pull out first Reg | Pull out last Reg | SRL16E | SRLC32E | 
+------------+----------------------+--------+-------+--------------+--------------------+-------------------+--------+---------+
|pipeline    | ex_mem/A_OUT_reg[3]  | 6      | 4     | NO           | NO                 | YES               | 4      | 0       | 
|pipeline    | op_di_r2_reg[6]      | 3      | 1     | NO           | NO                 | YES               | 1      | 0       | 
|pipeline    | ex_mem/OP_OUT_reg[7] | 4      | 4     | NO           | NO                 | YES               | 4      | 0       | 
|pipeline    | ex_mem/OP_OUT_reg[2] | 3      | 3     | NO           | NO                 | YES               | 3      | 0       | 
+------------+----------------------+--------+-------+--------------+--------------------+-------------------+--------+---------+

---------------------------------------------------------------------------------
Finished ROM, RAM, DSP, Shift Register and Retiming Reporting
---------------------------------------------------------------------------------
---------------------------------------------------------------------------------
Start Writing Synthesis Report
---------------------------------------------------------------------------------

Report BlackBoxes: 
+-+--------------+----------+
| |BlackBox name |Instances |
+-+--------------+----------+
+-+--------------+----------+

Report Cell Usage: 
+------+-------+------+
|      |Cell   |Count |
+------+-------+------+
|1     |BUFG   |     1|
|2     |CARRY4 |     9|
|3     |LUT1   |     2|
|4     |LUT2   |    86|
|5     |LUT3   |    38|
|6     |LUT4   |    34|
|7     |LUT5   |    56|
|8     |LUT6   |   892|
|9     |MUXF7  |   288|
|10    |MUXF8  |   132|
|11    |SRL16E |    12|
|12    |FDCE   |     8|
|13    |FDRE   |  2307|
|14    |IBUF   |     2|
|15    |OBUF   |     8|
+------+-------+------+
---------------------------------------------------------------------------------
Finished Writing Synthesis Report : Time (s): cpu = 00:00:28 ; elapsed = 00:00:30 . Memory (MB): peak = 2378.598 ; gain = 889.328 ; free physical = 5498 ; free virtual = 8543
---------------------------------------------------------------------------------
Synthesis finished with 0 errors, 0 critical warnings and 3 warnings.
Synthesis Optimization Runtime : Time (s): cpu = 00:00:27 ; elapsed = 00:00:28 . Memory (MB): peak = 2378.598 ; gain = 745.578 ; free physical = 5500 ; free virtual = 8544
Synthesis Optimization Complete : Time (s): cpu = 00:00:29 ; elapsed = 00:00:30 . Memory (MB): peak = 2378.605 ; gain = 889.328 ; free physical = 5499 ; free virtual = 8544
INFO: [Project 1-571] Translating synthesized netlist
Netlist sorting complete. Time (s): cpu = 00:00:00.01 ; elapsed = 00:00:00.02 . Memory (MB): peak = 2378.605 ; gain = 0.000 ; free physical = 5664 ; free virtual = 8708
INFO: [Netlist 29-17] Analyzing 429 Unisim elements for replacement
INFO: [Netlist 29-28] Unisim Transformation completed in 0 CPU seconds
INFO: [Project 1-570] Preparing netlist for logic optimization
INFO: [Opt 31-138] Pushed 0 inverter(s) to 0 load pin(s).
Netlist sorting complete. Time (s): cpu = 00:00:00 ; elapsed = 00:00:00 . Memory (MB): peak = 2434.625 ; gain = 0.000 ; free physical = 5668 ; free virtual = 8712
INFO: [Project 1-111] Unisim Transformation Summary:
No Unisim elements were transformed.

Synth Design complete | Checksum: 8e836f86
INFO: [Common 17-83] Releasing license: Synthesis
71 Infos, 31 Warnings, 0 Critical Warnings and 0 Errors encountered.
synth_design completed successfully
synth_design: Time (s): cpu = 00:00:36 ; elapsed = 00:00:35 . Memory (MB): peak = 2434.625 ; gain = 1056.801 ; free physical = 5668 ; free virtual = 8712
INFO: [Common 17-2834] synth_design peak Physical Memory [PSS] (MB): overall = 1575.300; main = 1570.987; forked = 266.406
INFO: [Common 17-2834] synth_design peak Virtual Memory [VSS] (MB): overall = 3114.590; main = 2434.629; forked = 916.855
Write ShapeDB Complete: Time (s): cpu = 00:00:00 ; elapsed = 00:00:00 . Memory (MB): peak = 2458.637 ; gain = 0.000 ; free physical = 5668 ; free virtual = 8712
INFO: [Common 17-1381] The checkpoint '/home/mougnibas/Bureau/4IR/S2/projet-systeme-info/VHDL/projet-systeme-info/projet-systeme-info.runs/synth_1/pipeline.dcp' has been generated.
INFO: [Vivado 12-24828] Executing command : report_utilization -file pipeline_utilization_synth.rpt -pb pipeline_utilization_synth.pb
INFO: [Common 17-206] Exiting Vivado at Fri May 15 17:03:34 2026...
