#-----------------------------------------------------------
# Vivado v2024.2 (64-bit)
# SW Build 5239630 on Fri Nov 08 22:34:34 MST 2024
# IP Build 5239520 on Sun Nov 10 16:12:51 MST 2024
# SharedData Build 5239561 on Fri Nov 08 14:39:27 MST 2024
# Start of session at: Sat Apr 25 11:47:20 2026
# Process ID         : 44634
# Current directory  : /home/mougnibas/Bureau/4IR/S2/projet-systeme-info/VHDL/projet-systeme-info/projet-systeme-info.runs/synth_1
# Command line       : vivado -log BANC.vds -product Vivado -mode batch -messageDb vivado.pb -notrace -source BANC.tcl
# Log file           : /home/mougnibas/Bureau/4IR/S2/projet-systeme-info/VHDL/projet-systeme-info/projet-systeme-info.runs/synth_1/BANC.vds
# Journal file       : /home/mougnibas/Bureau/4IR/S2/projet-systeme-info/VHDL/projet-systeme-info/projet-systeme-info.runs/synth_1/vivado.jou
# Running On         : srv-tp04
# Platform           : Linuxmint
# Operating System   : Linux Mint 22
# Processor Detail   : Intel(R) Xeon(R) Silver 4216 CPU @ 2.10GHz
# CPU Frequency      : 800.002 MHz
# CPU Physical cores : 32
# CPU Logical cores  : 64
# Host memory        : 134753 MB
# Swap memory        : 21474 MB
# Total Virtual      : 156228 MB
# Available Virtual  : 150062 MB
#-----------------------------------------------------------
source BANC.tcl -notrace
