Vivado Simulator v2024.2.0
Copyright 1986-2022 Xilinx, Inc. All Rights Reserved.
Copyright 2022-2024 Advanced Micro Devices, Inc. All Rights Reserved.
Running: /usr/local/Xilinx/Vivado/2024.2/bin/unwrapped/lnx64.o/xelab --incr --debug typical --relax --mt 8 -L xil_defaultlib -L secureip -L xpm --snapshot pipeline_tb_behav xil_defaultlib.pipeline_tb -log elaborate.log 
Using 8 slave threads.
Starting static elaboration
Completed static elaboration
Starting simulation data flow analysis
Completed simulation data flow analysis
Time Resolution for simulation is 1ps
Compiling package std.standard
Compiling package std.textio
Compiling package ieee.std_logic_1164
Compiling package ieee.std_logic_arith
Compiling package ieee.std_logic_unsigned
Compiling package ieee.numeric_std
Compiling architecture beh of entity xil_defaultlib.ROM [rom_default]
Compiling architecture beh of entity xil_defaultlib.LIDI [lidi_default]
Compiling architecture beh of entity xil_defaultlib.BANC [banc_default]
Compiling architecture behavioral of entity xil_defaultlib.lc_re [lc_re_default]
Compiling architecture behavioral of entity xil_defaultlib.mux_br [mux_br_default]
Compiling architecture beh of entity xil_defaultlib.ALU [alu_default]
Compiling architecture behavioral of entity xil_defaultlib.LC_UAL [lc_ual_default]
Compiling architecture behavioral of entity xil_defaultlib.retard_B_alu [retard_b_alu_default]
Compiling architecture behavioral of entity xil_defaultlib.mux_ual [mux_ual_default]
Compiling architecture beh of entity xil_defaultlib.DIEX [diex_default]
Compiling architecture beh of entity xil_defaultlib.EXMEM [exmem_default]
Compiling architecture behavioral of entity xil_defaultlib.mux_ex_mem_to_mem [mux_ex_mem_to_mem_default]
Compiling architecture beh of entity xil_defaultlib.DATA_MEM [data_mem_default]
Compiling architecture behavioral of entity xil_defaultlib.lc_mem [lc_mem_default]
Compiling architecture behavioral of entity xil_defaultlib.mux_data_mem [mux_data_mem_default]
Compiling architecture beh of entity xil_defaultlib.MEMRE [memre_default]
Compiling architecture structural of entity xil_defaultlib.pipeline [pipeline_default]
Compiling architecture behavioral of entity xil_defaultlib.pipeline_tb
Built simulation snapshot pipeline_tb_behav
