Copyright 1986-2022 Xilinx, Inc. All Rights Reserved. Copyright 2022-2024 Advanced Micro Devices, Inc. All Rights Reserved.
--------------------------------------------------------------------------------------------------------------------------------------------------------------
| Tool Version : Vivado v.2024.2 (lin64) Build 5239630 Fri Nov 08 22:34:34 MST 2024
| Date         : Fri May 15 17:04:51 2026
| Host         : insa-20384 running 64-bit Linux Mint 22
| Command      : report_methodology -file pipeline_methodology_drc_routed.rpt -pb pipeline_methodology_drc_routed.pb -rpx pipeline_methodology_drc_routed.rpx
| Design       : pipeline
| Device       : xc7a35tcpg236-1
| Speed File   : -1
| Design State : Fully Routed
--------------------------------------------------------------------------------------------------------------------------------------------------------------

Report Methodology

Table of Contents
-----------------
1. REPORT SUMMARY
2. REPORT DETAILS

1. REPORT SUMMARY
-----------------
            Netlist: netlist
          Floorplan: design_1
      Design limits: <entire design considered>
             Max checks: <unlimited>
             Checks found: 9
+-----------+----------+-------------------------------+--------+
| Rule      | Severity | Description                   | Checks |
+-----------+----------+-------------------------------+--------+
| TIMING-18 | Warning  | Missing input or output delay | 9      |
+-----------+----------+-------------------------------+--------+

2. REPORT DETAILS
-----------------
TIMING-18#1 Warning
Missing input or output delay  
An input delay is missing on RST relative to the rising and/or falling clock edge(s) of sysclk_pin.
Related violations: <none>

TIMING-18#2 Warning
Missing input or output delay  
An output delay is missing on FAUSSE_SORTIE[0] relative to the rising and/or falling clock edge(s) of sysclk_pin.
Related violations: <none>

TIMING-18#3 Warning
Missing input or output delay  
An output delay is missing on FAUSSE_SORTIE[1] relative to the rising and/or falling clock edge(s) of sysclk_pin.
Related violations: <none>

TIMING-18#4 Warning
Missing input or output delay  
An output delay is missing on FAUSSE_SORTIE[2] relative to the rising and/or falling clock edge(s) of sysclk_pin.
Related violations: <none>

TIMING-18#5 Warning
Missing input or output delay  
An output delay is missing on FAUSSE_SORTIE[3] relative to the rising and/or falling clock edge(s) of sysclk_pin.
Related violations: <none>

TIMING-18#6 Warning
Missing input or output delay  
An output delay is missing on FAUSSE_SORTIE[4] relative to the rising and/or falling clock edge(s) of sysclk_pin.
Related violations: <none>

TIMING-18#7 Warning
Missing input or output delay  
An output delay is missing on FAUSSE_SORTIE[5] relative to the rising and/or falling clock edge(s) of sysclk_pin.
Related violations: <none>

TIMING-18#8 Warning
Missing input or output delay  
An output delay is missing on FAUSSE_SORTIE[6] relative to the rising and/or falling clock edge(s) of sysclk_pin.
Related violations: <none>

TIMING-18#9 Warning
Missing input or output delay  
An output delay is missing on FAUSSE_SORTIE[7] relative to the rising and/or falling clock edge(s) of sysclk_pin.
Related violations: <none>


