Copyright 1986-2022 Xilinx, Inc. All Rights Reserved. Copyright 2022-2024 Advanced Micro Devices, Inc. All Rights Reserved.
---------------------------------------------------------------------------------------------------------------------------------------------
| Tool Version : Vivado v.2024.2 (lin64) Build 5239630 Fri Nov 08 22:34:34 MST 2024
| Date         : Fri May 15 12:29:05 2026
| Host         : insa-20384 running 64-bit Linux Mint 22
| Command      : report_control_sets -verbose -file pipeline_control_sets_placed.rpt
| Design       : pipeline
| Device       : xc7a35t
---------------------------------------------------------------------------------------------------------------------------------------------

Control Set Information

Table of Contents
-----------------
1. Summary
2. Histogram
3. Flip-Flop Distribution
4. Detailed Control Set Information

1. Summary
----------

+----------------------------------------------------------+-------+
|                          Status                          | Count |
+----------------------------------------------------------+-------+
| Total control sets                                       |   275 |
|    Minimum number of control sets                        |   275 |
|    Addition due to synthesis replication                 |     0 |
|    Addition due to physical synthesis replication        |     0 |
| Unused register locations in slices containing registers |     7 |
+----------------------------------------------------------+-------+
* Control sets can be merged at opt_design using control_set_merge or merge_equivalent_drivers
** Run report_qor_suggestions for automated merging and remapping suggestions


2. Histogram
------------

+--------------------+-------+
|       Fanout       | Count |
+--------------------+-------+
| Total control sets |   275 |
| >= 0 to < 4        |     0 |
| >= 4 to < 6        |     0 |
| >= 6 to < 8        |     1 |
| >= 8 to < 10       |   273 |
| >= 10 to < 12      |     0 |
| >= 12 to < 14      |     0 |
| >= 14 to < 16      |     0 |
| >= 16              |     1 |
+--------------------+-------+
* Control sets can be remapped at either synth_design or opt_design


3. Flip-Flop Distribution
-------------------------

+--------------+-----------------------+------------------------+-----------------+--------------+
| Clock Enable | Synchronous Set/Reset | Asynchronous Set/Reset | Total Registers | Total Slices |
+--------------+-----------------------+------------------------+-----------------+--------------+
| No           | No                    | No                     |              98 |           47 |
| No           | No                    | Yes                    |               8 |            3 |
| No           | Yes                   | No                     |               7 |            2 |
| Yes          | No                    | No                     |               0 |            0 |
| Yes          | No                    | Yes                    |               0 |            0 |
| Yes          | Yes                   | No                     |            2176 |          761 |
+--------------+-----------------------+------------------------+-----------------+--------------+


4. Detailed Control Set Information
-----------------------------------

+----------------+-----------------------------+-----------------------------+------------------+----------------+--------------+
|  Clock Signal  |        Enable Signal        |       Set/Reset Signal      | Slice Load Count | Bel Load Count | Bels / Slice |
+----------------+-----------------------------+-----------------------------+------------------+----------------+--------------+
|  CLK_IBUF_BUFG |                             | mem_code/SORTIE[29]_i_1_n_0 |                2 |              7 |         3.50 |
|  CLK_IBUF_BUFG | ex_mem/OP_OUT_reg[6]_28[0]  | data_mem/p_0_in             |                2 |              8 |         4.00 |
|  CLK_IBUF_BUFG | ex_mem/OP_OUT_reg[6]_36[0]  | data_mem/p_0_in             |                2 |              8 |         4.00 |
|  CLK_IBUF_BUFG | ex_mem/OP_OUT_reg[6]_35[0]  | data_mem/p_0_in             |                1 |              8 |         8.00 |
|  CLK_IBUF_BUFG | ex_mem/OP_OUT_reg[6]_34[0]  | data_mem/p_0_in             |                5 |              8 |         1.60 |
|  CLK_IBUF_BUFG | ex_mem/OP_OUT_reg[6]_33[0]  | data_mem/p_0_in             |                2 |              8 |         4.00 |
|  CLK_IBUF_BUFG | ex_mem/OP_OUT_reg[6]_32[0]  | data_mem/p_0_in             |                1 |              8 |         8.00 |
|  CLK_IBUF_BUFG | ex_mem/OP_OUT_reg[6]_31[0]  | data_mem/p_0_in             |                3 |              8 |         2.67 |
|  CLK_IBUF_BUFG | ex_mem/OP_OUT_reg[6]_30[0]  | data_mem/p_0_in             |                3 |              8 |         2.67 |
|  CLK_IBUF_BUFG | ex_mem/OP_OUT_reg[6]_3[0]   | data_mem/p_0_in             |                3 |              8 |         2.67 |
|  CLK_IBUF_BUFG | ex_mem/OP_OUT_reg[6]_29[0]  | data_mem/p_0_in             |                2 |              8 |         4.00 |
|  CLK_IBUF_BUFG | ex_mem/OP_OUT_reg[6]_37[0]  | data_mem/p_0_in             |                1 |              8 |         8.00 |
|  CLK_IBUF_BUFG | ex_mem/OP_OUT_reg[6]_27[0]  | data_mem/p_0_in             |                5 |              8 |         1.60 |
|  CLK_IBUF_BUFG | ex_mem/OP_OUT_reg[6]_26[0]  | data_mem/p_0_in             |                6 |              8 |         1.33 |
|  CLK_IBUF_BUFG | ex_mem/OP_OUT_reg[6]_25[0]  | data_mem/p_0_in             |                7 |              8 |         1.14 |
|  CLK_IBUF_BUFG | ex_mem/OP_OUT_reg[6]_24[0]  | data_mem/p_0_in             |                2 |              8 |         4.00 |
|  CLK_IBUF_BUFG | ex_mem/OP_OUT_reg[6]_23[0]  | data_mem/p_0_in             |                5 |              8 |         1.60 |
|  CLK_IBUF_BUFG | ex_mem/OP_OUT_reg[6]_22[0]  | data_mem/p_0_in             |                2 |              8 |         4.00 |
|  CLK_IBUF_BUFG | ex_mem/OP_OUT_reg[6]_21[0]  | data_mem/p_0_in             |                5 |              8 |         1.60 |
|  CLK_IBUF_BUFG | ex_mem/OP_OUT_reg[6]_44[0]  | data_mem/p_0_in             |                2 |              8 |         4.00 |
|  CLK_IBUF_BUFG | ex_mem/OP_OUT_reg[6]_51[0]  | data_mem/p_0_in             |                2 |              8 |         4.00 |
|  CLK_IBUF_BUFG | ex_mem/OP_OUT_reg[6]_50[0]  | data_mem/p_0_in             |                2 |              8 |         4.00 |
|  CLK_IBUF_BUFG | ex_mem/OP_OUT_reg[6]_5[0]   | data_mem/p_0_in             |                2 |              8 |         4.00 |
|  CLK_IBUF_BUFG | ex_mem/OP_OUT_reg[6]_49[0]  | data_mem/p_0_in             |                5 |              8 |         1.60 |
|  CLK_IBUF_BUFG | ex_mem/OP_OUT_reg[6]_48[0]  | data_mem/p_0_in             |                4 |              8 |         2.00 |
|  CLK_IBUF_BUFG | ex_mem/OP_OUT_reg[6]_47[0]  | data_mem/p_0_in             |                2 |              8 |         4.00 |
|  CLK_IBUF_BUFG | ex_mem/OP_OUT_reg[6]_46[0]  | data_mem/p_0_in             |                3 |              8 |         2.67 |
|  CLK_IBUF_BUFG | ex_mem/OP_OUT_reg[6]_45[0]  | data_mem/p_0_in             |                3 |              8 |         2.67 |
|  CLK_IBUF_BUFG | ex_mem/OP_OUT_reg[6]_20[0]  | data_mem/p_0_in             |                8 |              8 |         1.00 |
|  CLK_IBUF_BUFG | ex_mem/OP_OUT_reg[6]_43[0]  | data_mem/p_0_in             |                3 |              8 |         2.67 |
|  CLK_IBUF_BUFG | ex_mem/OP_OUT_reg[6]_42[0]  | data_mem/p_0_in             |                3 |              8 |         2.67 |
|  CLK_IBUF_BUFG | ex_mem/OP_OUT_reg[6]_41[0]  | data_mem/p_0_in             |                4 |              8 |         2.00 |
|  CLK_IBUF_BUFG | ex_mem/OP_OUT_reg[6]_40[0]  | data_mem/p_0_in             |                5 |              8 |         1.60 |
|  CLK_IBUF_BUFG | ex_mem/OP_OUT_reg[6]_4[0]   | data_mem/p_0_in             |                3 |              8 |         2.67 |
|  CLK_IBUF_BUFG | ex_mem/OP_OUT_reg[6]_39[0]  | data_mem/p_0_in             |                3 |              8 |         2.67 |
|  CLK_IBUF_BUFG | ex_mem/OP_OUT_reg[6]_38[0]  | data_mem/p_0_in             |                1 |              8 |         8.00 |
|  CLK_IBUF_BUFG | ex_mem/OP_OUT_reg[6]_160[0] | data_mem/p_0_in             |                1 |              8 |         8.00 |
|  CLK_IBUF_BUFG | ex_mem/OP_OUT_reg[6]_168[0] | data_mem/p_0_in             |                1 |              8 |         8.00 |
|  CLK_IBUF_BUFG | ex_mem/OP_OUT_reg[6]_167[0] | data_mem/p_0_in             |                4 |              8 |         2.00 |
|  CLK_IBUF_BUFG | ex_mem/OP_OUT_reg[6]_166[0] | data_mem/p_0_in             |                2 |              8 |         4.00 |
|  CLK_IBUF_BUFG | ex_mem/OP_OUT_reg[6]_165[0] | data_mem/p_0_in             |                2 |              8 |         4.00 |
|  CLK_IBUF_BUFG | ex_mem/OP_OUT_reg[6]_164[0] | data_mem/p_0_in             |                3 |              8 |         2.67 |
|  CLK_IBUF_BUFG | ex_mem/OP_OUT_reg[6]_163[0] | data_mem/p_0_in             |                2 |              8 |         4.00 |
|  CLK_IBUF_BUFG | ex_mem/OP_OUT_reg[6]_162[0] | data_mem/p_0_in             |                2 |              8 |         4.00 |
|  CLK_IBUF_BUFG | ex_mem/OP_OUT_reg[6]_161[0] | data_mem/p_0_in             |                2 |              8 |         4.00 |
|  CLK_IBUF_BUFG | ex_mem/OP_OUT_reg[6]_169[0] | data_mem/p_0_in             |                2 |              8 |         4.00 |
|  CLK_IBUF_BUFG | ex_mem/OP_OUT_reg[6]_16[0]  | data_mem/p_0_in             |                3 |              8 |         2.67 |
|  CLK_IBUF_BUFG | ex_mem/OP_OUT_reg[6]_159[0] | data_mem/p_0_in             |                2 |              8 |         4.00 |
|  CLK_IBUF_BUFG | ex_mem/OP_OUT_reg[6]_158[0] | data_mem/p_0_in             |                1 |              8 |         8.00 |
|  CLK_IBUF_BUFG | ex_mem/OP_OUT_reg[6]_157[0] | data_mem/p_0_in             |                2 |              8 |         4.00 |
|  CLK_IBUF_BUFG | ex_mem/OP_OUT_reg[6]_156[0] | data_mem/p_0_in             |                1 |              8 |         8.00 |
|  CLK_IBUF_BUFG | ex_mem/OP_OUT_reg[6]_155[0] | data_mem/p_0_in             |                2 |              8 |         4.00 |
|  CLK_IBUF_BUFG | ex_mem/OP_OUT_reg[6]_154[0] | data_mem/p_0_in             |                3 |              8 |         2.67 |
|  CLK_IBUF_BUFG | ex_mem/OP_OUT_reg[6]_176[0] | data_mem/p_0_in             |                1 |              8 |         8.00 |
|  CLK_IBUF_BUFG | ex_mem/OP_OUT_reg[6]_19[0]  | data_mem/p_0_in             |                7 |              8 |         1.14 |
|  CLK_IBUF_BUFG | ex_mem/OP_OUT_reg[6]_182[0] | data_mem/p_0_in             |                2 |              8 |         4.00 |
|  CLK_IBUF_BUFG | ex_mem/OP_OUT_reg[6]_181[0] | data_mem/p_0_in             |                4 |              8 |         2.00 |
|  CLK_IBUF_BUFG | ex_mem/OP_OUT_reg[6]_180[0] | data_mem/p_0_in             |                1 |              8 |         8.00 |
|  CLK_IBUF_BUFG | ex_mem/OP_OUT_reg[6]_18[0]  | data_mem/p_0_in             |                4 |              8 |         2.00 |
|  CLK_IBUF_BUFG | ex_mem/OP_OUT_reg[6]_179[0] | data_mem/p_0_in             |                2 |              8 |         4.00 |
|  CLK_IBUF_BUFG | ex_mem/OP_OUT_reg[6]_178[0] | data_mem/p_0_in             |                3 |              8 |         2.67 |
|  CLK_IBUF_BUFG | ex_mem/OP_OUT_reg[6]_177[0] | data_mem/p_0_in             |                6 |              8 |         1.33 |
|  CLK_IBUF_BUFG | ex_mem/OP_OUT_reg[6]_52[0]  | data_mem/p_0_in             |                1 |              8 |         8.00 |
|  CLK_IBUF_BUFG | ex_mem/OP_OUT_reg[6]_175[0] | data_mem/p_0_in             |                1 |              8 |         8.00 |
|  CLK_IBUF_BUFG | ex_mem/OP_OUT_reg[6]_174[0] | data_mem/p_0_in             |                2 |              8 |         4.00 |
|  CLK_IBUF_BUFG | ex_mem/OP_OUT_reg[6]_173[0] | data_mem/p_0_in             |                1 |              8 |         8.00 |
|  CLK_IBUF_BUFG | ex_mem/OP_OUT_reg[6]_172[0] | data_mem/p_0_in             |                2 |              8 |         4.00 |
|  CLK_IBUF_BUFG | ex_mem/OP_OUT_reg[6]_171[0] | data_mem/p_0_in             |                1 |              8 |         8.00 |
|  CLK_IBUF_BUFG | ex_mem/OP_OUT_reg[6]_170[0] | data_mem/p_0_in             |                4 |              8 |         2.00 |
|  CLK_IBUF_BUFG | ex_mem/OP_OUT_reg[6]_17[0]  | data_mem/p_0_in             |                8 |              8 |         1.00 |
|  CLK_IBUF_BUFG | ex_mem/OP_OUT_reg[6]_90[0]  | data_mem/p_0_in             |                1 |              8 |         8.00 |
|  CLK_IBUF_BUFG | ex_mem/OP_OUT_reg[6]_98[0]  | data_mem/p_0_in             |                1 |              8 |         8.00 |
|  CLK_IBUF_BUFG | ex_mem/OP_OUT_reg[6]_97[0]  | data_mem/p_0_in             |                4 |              8 |         2.00 |
|  CLK_IBUF_BUFG | ex_mem/OP_OUT_reg[6]_96[0]  | data_mem/p_0_in             |                8 |              8 |         1.00 |
|  CLK_IBUF_BUFG | ex_mem/OP_OUT_reg[6]_95[0]  | data_mem/p_0_in             |                2 |              8 |         4.00 |
|  CLK_IBUF_BUFG | ex_mem/OP_OUT_reg[6]_94[0]  | data_mem/p_0_in             |                1 |              8 |         8.00 |
|  CLK_IBUF_BUFG | ex_mem/OP_OUT_reg[6]_93[0]  | data_mem/p_0_in             |                1 |              8 |         8.00 |
|  CLK_IBUF_BUFG | ex_mem/OP_OUT_reg[6]_92[0]  | data_mem/p_0_in             |                3 |              8 |         2.67 |
|  CLK_IBUF_BUFG | ex_mem/OP_OUT_reg[6]_91[0]  | data_mem/p_0_in             |                6 |              8 |         1.33 |
|  CLK_IBUF_BUFG | ex_mem/OP_OUT_reg[6]_99[0]  | data_mem/p_0_in             |                5 |              8 |         1.60 |
|  CLK_IBUF_BUFG | ex_mem/OP_OUT_reg[6]_9[0]   | data_mem/p_0_in             |                4 |              8 |         2.00 |
|  CLK_IBUF_BUFG | ex_mem/OP_OUT_reg[6]_89[0]  | data_mem/p_0_in             |                2 |              8 |         4.00 |
|  CLK_IBUF_BUFG | ex_mem/OP_OUT_reg[6]_88[0]  | data_mem/p_0_in             |                6 |              8 |         1.33 |
|  CLK_IBUF_BUFG | ex_mem/OP_OUT_reg[6]_87[0]  | data_mem/p_0_in             |                1 |              8 |         8.00 |
|  CLK_IBUF_BUFG | ex_mem/OP_OUT_reg[6]_86[0]  | data_mem/p_0_in             |                1 |              8 |         8.00 |
|  CLK_IBUF_BUFG | ex_mem/OP_OUT_reg[6]_85[0]  | data_mem/p_0_in             |                2 |              8 |         4.00 |
|  CLK_IBUF_BUFG | ex_mem/OP_OUT_reg[6]_84[0]  | data_mem/p_0_in             |                3 |              8 |         2.67 |
|  CLK_IBUF_BUFG | mem_re/OP_OUT_reg[7]_14[0]  | data_mem/p_0_in             |                3 |              8 |         2.67 |
|  CLK_IBUF_BUFG | mem_re/OP_OUT_reg[7]_9[0]   | data_mem/p_0_in             |                2 |              8 |         4.00 |
|  CLK_IBUF_BUFG | mem_re/OP_OUT_reg[7]_8[0]   | data_mem/p_0_in             |                7 |              8 |         1.14 |
|  CLK_IBUF_BUFG | mem_re/OP_OUT_reg[7]_7[0]   | data_mem/p_0_in             |                2 |              8 |         4.00 |
|  CLK_IBUF_BUFG | mem_re/OP_OUT_reg[7]_6[0]   | data_mem/p_0_in             |                1 |              8 |         8.00 |
|  CLK_IBUF_BUFG | mem_re/OP_OUT_reg[7]_5[0]   | data_mem/p_0_in             |                6 |              8 |         1.33 |
|  CLK_IBUF_BUFG | mem_re/OP_OUT_reg[7]_4[0]   | data_mem/p_0_in             |                3 |              8 |         2.67 |
|  CLK_IBUF_BUFG | mem_re/OP_OUT_reg[7]_3[0]   | data_mem/p_0_in             |                1 |              8 |         8.00 |
|  CLK_IBUF_BUFG | mem_re/OP_OUT_reg[7]_2[0]   | data_mem/p_0_in             |                3 |              8 |         2.67 |
|  CLK_IBUF_BUFG | ex_mem/OP_OUT_reg[6]_83[0]  | data_mem/p_0_in             |                4 |              8 |         2.00 |
|  CLK_IBUF_BUFG | mem_re/OP_OUT_reg[7]_13[0]  | data_mem/p_0_in             |                1 |              8 |         8.00 |
|  CLK_IBUF_BUFG | mem_re/OP_OUT_reg[7]_12[0]  | data_mem/p_0_in             |                4 |              8 |         2.00 |
|  CLK_IBUF_BUFG | mem_re/OP_OUT_reg[7]_11[0]  | data_mem/p_0_in             |                2 |              8 |         4.00 |
|  CLK_IBUF_BUFG | mem_re/OP_OUT_reg[7]_10[0]  | data_mem/p_0_in             |                2 |              8 |         4.00 |
|  CLK_IBUF_BUFG | mem_re/OP_OUT_reg[7]_1[0]   | data_mem/p_0_in             |                2 |              8 |         4.00 |
|  CLK_IBUF_BUFG | mem_re/OP_OUT_reg[7]_0[0]   | data_mem/p_0_in             |                4 |              8 |         2.00 |
|  CLK_IBUF_BUFG | mem_re/E[0]                 | data_mem/p_0_in             |                4 |              8 |         2.00 |
|  CLK_IBUF_BUFG | ex_mem/OP_OUT_reg[6]_6[0]   | data_mem/p_0_in             |                2 |              8 |         4.00 |
|  CLK_IBUF_BUFG | ex_mem/OP_OUT_reg[6]_67[0]  | data_mem/p_0_in             |                2 |              8 |         4.00 |
|  CLK_IBUF_BUFG | ex_mem/OP_OUT_reg[6]_66[0]  | data_mem/p_0_in             |                2 |              8 |         4.00 |
|  CLK_IBUF_BUFG | ex_mem/OP_OUT_reg[6]_65[0]  | data_mem/p_0_in             |                5 |              8 |         1.60 |
|  CLK_IBUF_BUFG | ex_mem/OP_OUT_reg[6]_64[0]  | data_mem/p_0_in             |                3 |              8 |         2.67 |
|  CLK_IBUF_BUFG | ex_mem/OP_OUT_reg[6]_63[0]  | data_mem/p_0_in             |                5 |              8 |         1.60 |
|  CLK_IBUF_BUFG | ex_mem/OP_OUT_reg[6]_62[0]  | data_mem/p_0_in             |                3 |              8 |         2.67 |
|  CLK_IBUF_BUFG | ex_mem/OP_OUT_reg[6]_61[0]  | data_mem/p_0_in             |                3 |              8 |         2.67 |
|  CLK_IBUF_BUFG | ex_mem/OP_OUT_reg[6]_60[0]  | data_mem/p_0_in             |                6 |              8 |         1.33 |
|  CLK_IBUF_BUFG | ex_mem/OP_OUT_reg[6]_68[0]  | data_mem/p_0_in             |                2 |              8 |         4.00 |
|  CLK_IBUF_BUFG | ex_mem/OP_OUT_reg[6]_59[0]  | data_mem/p_0_in             |                2 |              8 |         4.00 |
|  CLK_IBUF_BUFG | ex_mem/OP_OUT_reg[6]_58[0]  | data_mem/p_0_in             |                2 |              8 |         4.00 |
|  CLK_IBUF_BUFG | ex_mem/OP_OUT_reg[6]_57[0]  | data_mem/p_0_in             |                2 |              8 |         4.00 |
|  CLK_IBUF_BUFG | ex_mem/OP_OUT_reg[6]_56[0]  | data_mem/p_0_in             |                2 |              8 |         4.00 |
|  CLK_IBUF_BUFG | ex_mem/OP_OUT_reg[6]_55[0]  | data_mem/p_0_in             |                2 |              8 |         4.00 |
|  CLK_IBUF_BUFG | ex_mem/OP_OUT_reg[6]_54[0]  | data_mem/p_0_in             |                2 |              8 |         4.00 |
|  CLK_IBUF_BUFG | ex_mem/OP_OUT_reg[6]_53[0]  | data_mem/p_0_in             |                1 |              8 |         8.00 |
|  CLK_IBUF_BUFG | ex_mem/OP_OUT_reg[6]_75[0]  | data_mem/p_0_in             |                4 |              8 |         2.00 |
|  CLK_IBUF_BUFG | ex_mem/OP_OUT_reg[6]_82[0]  | data_mem/p_0_in             |                3 |              8 |         2.67 |
|  CLK_IBUF_BUFG | ex_mem/OP_OUT_reg[6]_81[0]  | data_mem/p_0_in             |                3 |              8 |         2.67 |
|  CLK_IBUF_BUFG | ex_mem/OP_OUT_reg[6]_80[0]  | data_mem/p_0_in             |                1 |              8 |         8.00 |
|  CLK_IBUF_BUFG | ex_mem/OP_OUT_reg[6]_8[0]   | data_mem/p_0_in             |                1 |              8 |         8.00 |
|  CLK_IBUF_BUFG | ex_mem/OP_OUT_reg[6]_79[0]  | data_mem/p_0_in             |                3 |              8 |         2.67 |
|  CLK_IBUF_BUFG | ex_mem/OP_OUT_reg[6]_78[0]  | data_mem/p_0_in             |                3 |              8 |         2.67 |
|  CLK_IBUF_BUFG | ex_mem/OP_OUT_reg[6]_77[0]  | data_mem/p_0_in             |                5 |              8 |         1.60 |
|  CLK_IBUF_BUFG | ex_mem/OP_OUT_reg[6]_76[0]  | data_mem/p_0_in             |                3 |              8 |         2.67 |
|  CLK_IBUF_BUFG | ex_mem/OP_OUT_reg[6]_152[0] | data_mem/p_0_in             |                2 |              8 |         4.00 |
|  CLK_IBUF_BUFG | ex_mem/OP_OUT_reg[6]_74[0]  | data_mem/p_0_in             |                4 |              8 |         2.00 |
|  CLK_IBUF_BUFG | ex_mem/OP_OUT_reg[6]_73[0]  | data_mem/p_0_in             |                4 |              8 |         2.00 |
|  CLK_IBUF_BUFG | ex_mem/OP_OUT_reg[6]_72[0]  | data_mem/p_0_in             |                1 |              8 |         8.00 |
|  CLK_IBUF_BUFG | ex_mem/OP_OUT_reg[6]_71[0]  | data_mem/p_0_in             |                4 |              8 |         2.00 |
|  CLK_IBUF_BUFG | ex_mem/OP_OUT_reg[6]_70[0]  | data_mem/p_0_in             |                2 |              8 |         4.00 |
|  CLK_IBUF_BUFG | ex_mem/OP_OUT_reg[6]_7[0]   | data_mem/p_0_in             |                2 |              8 |         4.00 |
|  CLK_IBUF_BUFG | ex_mem/OP_OUT_reg[6]_69[0]  | data_mem/p_0_in             |                7 |              8 |         1.14 |
|  CLK_IBUF_BUFG | ex_mem/B_OUT_reg[1]_12[0]   | data_mem/p_0_in             |                2 |              8 |         4.00 |
|  CLK_IBUF_BUFG | ex_mem/B_OUT_reg[1]_2[0]    | data_mem/p_0_in             |                1 |              8 |         8.00 |
|  CLK_IBUF_BUFG | ex_mem/B_OUT_reg[1]_19[0]   | data_mem/p_0_in             |                2 |              8 |         4.00 |
|  CLK_IBUF_BUFG | ex_mem/B_OUT_reg[1]_18[0]   | data_mem/p_0_in             |                5 |              8 |         1.60 |
|  CLK_IBUF_BUFG | ex_mem/B_OUT_reg[1]_17[0]   | data_mem/p_0_in             |                3 |              8 |         2.67 |
|  CLK_IBUF_BUFG | ex_mem/B_OUT_reg[1]_16[0]   | data_mem/p_0_in             |                1 |              8 |         8.00 |
|  CLK_IBUF_BUFG | ex_mem/B_OUT_reg[1]_15[0]   | data_mem/p_0_in             |                2 |              8 |         4.00 |
|  CLK_IBUF_BUFG | ex_mem/B_OUT_reg[1]_14[0]   | data_mem/p_0_in             |                2 |              8 |         4.00 |
|  CLK_IBUF_BUFG | ex_mem/B_OUT_reg[1]_13[0]   | data_mem/p_0_in             |                3 |              8 |         2.67 |
|  CLK_IBUF_BUFG | ex_mem/B_OUT_reg[1]_20[0]   | data_mem/p_0_in             |                3 |              8 |         2.67 |
|  CLK_IBUF_BUFG | ex_mem/B_OUT_reg[1]_11[0]   | data_mem/p_0_in             |                2 |              8 |         4.00 |
|  CLK_IBUF_BUFG | ex_mem/B_OUT_reg[1]_10[0]   | data_mem/p_0_in             |                7 |              8 |         1.14 |
|  CLK_IBUF_BUFG | ex_mem/B_OUT_reg[1]_1[0]    | data_mem/p_0_in             |                2 |              8 |         4.00 |
|  CLK_IBUF_BUFG | ex_mem/B_OUT_reg[1]_0[0]    | data_mem/p_0_in             |                2 |              8 |         4.00 |
|  CLK_IBUF_BUFG | ex_mem/B_OUT_reg[0]_9[0]    | data_mem/p_0_in             |                1 |              8 |         8.00 |
|  CLK_IBUF_BUFG | ex_mem/B_OUT_reg[0]_8[0]    | data_mem/p_0_in             |                5 |              8 |         1.60 |
|  CLK_IBUF_BUFG | ex_mem/B_OUT_reg[0]_7[0]    | data_mem/p_0_in             |                1 |              8 |         8.00 |
|  CLK_IBUF_BUFG | ex_mem/B_OUT_reg[0]_6[0]    | data_mem/p_0_in             |                3 |              8 |         2.67 |
|  CLK_IBUF_BUFG | ex_mem/B_OUT_reg[1]_28[0]   | data_mem/p_0_in             |                1 |              8 |         8.00 |
|  CLK_IBUF_BUFG | ex_mem/B_OUT_reg[1]_35[0]   | data_mem/p_0_in             |                3 |              8 |         2.67 |
|  CLK_IBUF_BUFG | ex_mem/B_OUT_reg[1]_34[0]   | data_mem/p_0_in             |                2 |              8 |         4.00 |
|  CLK_IBUF_BUFG | ex_mem/B_OUT_reg[1]_33[0]   | data_mem/p_0_in             |                1 |              8 |         8.00 |
|  CLK_IBUF_BUFG | ex_mem/B_OUT_reg[1]_32[0]   | data_mem/p_0_in             |                4 |              8 |         2.00 |
|  CLK_IBUF_BUFG | ex_mem/B_OUT_reg[1]_31[0]   | data_mem/p_0_in             |                3 |              8 |         2.67 |
|  CLK_IBUF_BUFG | ex_mem/B_OUT_reg[1]_30[0]   | data_mem/p_0_in             |                3 |              8 |         2.67 |
|  CLK_IBUF_BUFG | ex_mem/B_OUT_reg[1]_3[0]    | data_mem/p_0_in             |                1 |              8 |         8.00 |
|  CLK_IBUF_BUFG | ex_mem/B_OUT_reg[1]_29[0]   | data_mem/p_0_in             |                3 |              8 |         2.67 |
|  CLK_IBUF_BUFG | ex_mem/B_OUT_reg[0]_5[0]    | data_mem/p_0_in             |                2 |              8 |         4.00 |
|  CLK_IBUF_BUFG | ex_mem/B_OUT_reg[1]_27[0]   | data_mem/p_0_in             |                2 |              8 |         4.00 |
|  CLK_IBUF_BUFG | ex_mem/B_OUT_reg[1]_26[0]   | data_mem/p_0_in             |                4 |              8 |         2.00 |
|  CLK_IBUF_BUFG | ex_mem/B_OUT_reg[1]_25[0]   | data_mem/p_0_in             |                1 |              8 |         8.00 |
|  CLK_IBUF_BUFG | ex_mem/B_OUT_reg[1]_24[0]   | data_mem/p_0_in             |                3 |              8 |         2.67 |
|  CLK_IBUF_BUFG | ex_mem/B_OUT_reg[1]_23[0]   | data_mem/p_0_in             |                3 |              8 |         2.67 |
|  CLK_IBUF_BUFG | ex_mem/B_OUT_reg[1]_22[0]   | data_mem/p_0_in             |                4 |              8 |         2.00 |
|  CLK_IBUF_BUFG | ex_mem/B_OUT_reg[1]_21[0]   | data_mem/p_0_in             |                1 |              8 |         8.00 |
|  CLK_IBUF_BUFG | ex_mem/B_OUT_reg[0]_16[0]   | data_mem/p_0_in             |                2 |              8 |         4.00 |
|  CLK_IBUF_BUFG | ex_mem/B_OUT_reg[0]_21[0]   | data_mem/p_0_in             |                3 |              8 |         2.67 |
|  CLK_IBUF_BUFG | ex_mem/B_OUT_reg[0]_20[0]   | data_mem/p_0_in             |                2 |              8 |         4.00 |
|  CLK_IBUF_BUFG | ex_mem/B_OUT_reg[0]_2[0]    | data_mem/p_0_in             |                3 |              8 |         2.67 |
|  CLK_IBUF_BUFG | ex_mem/B_OUT_reg[0]_19[0]   | data_mem/p_0_in             |                4 |              8 |         2.00 |
|  CLK_IBUF_BUFG | ex_mem/B_OUT_reg[0]_18[0]   | data_mem/p_0_in             |                1 |              8 |         8.00 |
|  CLK_IBUF_BUFG | ex_mem/B_OUT_reg[0]_17[0]   | data_mem/p_0_in             |                1 |              8 |         8.00 |
|  CLK_IBUF_BUFG | ex_mem/B_OUT_reg[0]_15[0]   | data_mem/p_0_in             |                5 |              8 |         1.60 |
|  CLK_IBUF_BUFG | ex_mem/B_OUT_reg[0]_14[0]   | data_mem/p_0_in             |                3 |              8 |         2.67 |
|  CLK_IBUF_BUFG | ex_mem/B_OUT_reg[0]_22[0]   | data_mem/p_0_in             |                3 |              8 |         2.67 |
|  CLK_IBUF_BUFG | ex_mem/B_OUT_reg[0]_13[0]   | data_mem/p_0_in             |                2 |              8 |         4.00 |
|  CLK_IBUF_BUFG | ex_mem/B_OUT_reg[0]_12[0]   | data_mem/p_0_in             |                1 |              8 |         8.00 |
|  CLK_IBUF_BUFG | ex_mem/B_OUT_reg[0]_11[0]   | data_mem/p_0_in             |                4 |              8 |         2.00 |
|  CLK_IBUF_BUFG | ex_mem/B_OUT_reg[0]_10[0]   | data_mem/p_0_in             |                4 |              8 |         2.00 |
|  CLK_IBUF_BUFG | ex_mem/B_OUT_reg[0]_1[0]    | data_mem/p_0_in             |                4 |              8 |         2.00 |
|  CLK_IBUF_BUFG | ex_mem/B_OUT_reg[0]_0[0]    | data_mem/p_0_in             |                3 |              8 |         2.67 |
|  CLK_IBUF_BUFG |                             | data_mem/p_0_in             |                3 |              8 |         2.67 |
|  CLK_IBUF_BUFG | ex_mem/B_OUT_reg[0]_3[0]    | data_mem/p_0_in             |                1 |              8 |         8.00 |
|  CLK_IBUF_BUFG | ex_mem/B_OUT_reg[0]_4[0]    | data_mem/p_0_in             |                2 |              8 |         4.00 |
|  CLK_IBUF_BUFG | ex_mem/B_OUT_reg[0]_36[0]   | data_mem/p_0_in             |                2 |              8 |         4.00 |
|  CLK_IBUF_BUFG | ex_mem/B_OUT_reg[0]_35[0]   | data_mem/p_0_in             |                4 |              8 |         2.00 |
|  CLK_IBUF_BUFG | ex_mem/B_OUT_reg[0]_34[0]   | data_mem/p_0_in             |                5 |              8 |         1.60 |
|  CLK_IBUF_BUFG | ex_mem/B_OUT_reg[0]_33[0]   | data_mem/p_0_in             |                2 |              8 |         4.00 |
|  CLK_IBUF_BUFG | ex_mem/B_OUT_reg[0]_32[0]   | data_mem/p_0_in             |                1 |              8 |         8.00 |
|  CLK_IBUF_BUFG | ex_mem/B_OUT_reg[0]_31[0]   | data_mem/p_0_in             |                2 |              8 |         4.00 |
|  CLK_IBUF_BUFG | ex_mem/B_OUT_reg[0]_30[0]   | data_mem/p_0_in             |                3 |              8 |         2.67 |
|  CLK_IBUF_BUFG | ex_mem/B_OUT_reg[1]_36[0]   | data_mem/p_0_in             |                2 |              8 |         4.00 |
|  CLK_IBUF_BUFG | ex_mem/B_OUT_reg[0]_29[0]   | data_mem/p_0_in             |                3 |              8 |         2.67 |
|  CLK_IBUF_BUFG | ex_mem/B_OUT_reg[0]_28[0]   | data_mem/p_0_in             |                3 |              8 |         2.67 |
|  CLK_IBUF_BUFG | ex_mem/B_OUT_reg[0]_27[0]   | data_mem/p_0_in             |                4 |              8 |         2.00 |
|  CLK_IBUF_BUFG | ex_mem/B_OUT_reg[0]_26[0]   | data_mem/p_0_in             |                4 |              8 |         2.00 |
|  CLK_IBUF_BUFG | ex_mem/B_OUT_reg[0]_25[0]   | data_mem/p_0_in             |                1 |              8 |         8.00 |
|  CLK_IBUF_BUFG | ex_mem/B_OUT_reg[0]_24[0]   | data_mem/p_0_in             |                5 |              8 |         1.60 |
|  CLK_IBUF_BUFG | ex_mem/B_OUT_reg[0]_23[0]   | data_mem/p_0_in             |                7 |              8 |         1.14 |
|  CLK_IBUF_BUFG | ex_mem/OP_OUT_reg[6]_129[0] | data_mem/p_0_in             |                4 |              8 |         2.00 |
|  CLK_IBUF_BUFG | ex_mem/OP_OUT_reg[6]_136[0] | data_mem/p_0_in             |                1 |              8 |         8.00 |
|  CLK_IBUF_BUFG | ex_mem/OP_OUT_reg[6]_135[0] | data_mem/p_0_in             |                1 |              8 |         8.00 |
|  CLK_IBUF_BUFG | ex_mem/OP_OUT_reg[6]_134[0] | data_mem/p_0_in             |                3 |              8 |         2.67 |
|  CLK_IBUF_BUFG | ex_mem/OP_OUT_reg[6]_133[0] | data_mem/p_0_in             |                4 |              8 |         2.00 |
|  CLK_IBUF_BUFG | ex_mem/OP_OUT_reg[6]_132[0] | data_mem/p_0_in             |                2 |              8 |         4.00 |
|  CLK_IBUF_BUFG | ex_mem/OP_OUT_reg[6]_131[0] | data_mem/p_0_in             |                1 |              8 |         8.00 |
|  CLK_IBUF_BUFG | ex_mem/OP_OUT_reg[6]_130[0] | data_mem/p_0_in             |                2 |              8 |         4.00 |
|  CLK_IBUF_BUFG | ex_mem/OP_OUT_reg[6]_13[0]  | data_mem/p_0_in             |                2 |              8 |         4.00 |
|  CLK_IBUF_BUFG | ex_mem/OP_OUT_reg[6]_137[0] | data_mem/p_0_in             |                2 |              8 |         4.00 |
|  CLK_IBUF_BUFG | ex_mem/OP_OUT_reg[6]_128[0] | data_mem/p_0_in             |                2 |              8 |         4.00 |
|  CLK_IBUF_BUFG | ex_mem/OP_OUT_reg[6]_127[0] | data_mem/p_0_in             |                2 |              8 |         4.00 |
|  CLK_IBUF_BUFG | ex_mem/OP_OUT_reg[6]_126[0] | data_mem/p_0_in             |                2 |              8 |         4.00 |
|  CLK_IBUF_BUFG | ex_mem/OP_OUT_reg[6]_125[0] | data_mem/p_0_in             |                1 |              8 |         8.00 |
|  CLK_IBUF_BUFG | ex_mem/OP_OUT_reg[6]_124[0] | data_mem/p_0_in             |                4 |              8 |         2.00 |
|  CLK_IBUF_BUFG | ex_mem/OP_OUT_reg[6]_123[0] | data_mem/p_0_in             |                3 |              8 |         2.67 |
|  CLK_IBUF_BUFG | ex_mem/OP_OUT_reg[6]_122[0] | data_mem/p_0_in             |                4 |              8 |         2.00 |
|  CLK_IBUF_BUFG | ex_mem/OP_OUT_reg[6]_144[0] | data_mem/p_0_in             |                4 |              8 |         2.00 |
|  CLK_IBUF_BUFG | ex_mem/OP_OUT_reg[6]_151[0] | data_mem/p_0_in             |                2 |              8 |         4.00 |
|  CLK_IBUF_BUFG | ex_mem/OP_OUT_reg[6]_150[0] | data_mem/p_0_in             |                1 |              8 |         8.00 |
|  CLK_IBUF_BUFG | ex_mem/OP_OUT_reg[6]_15[0]  | data_mem/p_0_in             |                2 |              8 |         4.00 |
|  CLK_IBUF_BUFG | ex_mem/OP_OUT_reg[6]_149[0] | data_mem/p_0_in             |                1 |              8 |         8.00 |
|  CLK_IBUF_BUFG | ex_mem/OP_OUT_reg[6]_148[0] | data_mem/p_0_in             |                2 |              8 |         4.00 |
|  CLK_IBUF_BUFG | ex_mem/OP_OUT_reg[6]_147[0] | data_mem/p_0_in             |                1 |              8 |         8.00 |
|  CLK_IBUF_BUFG | ex_mem/OP_OUT_reg[6]_146[0] | data_mem/p_0_in             |                3 |              8 |         2.67 |
|  CLK_IBUF_BUFG | ex_mem/OP_OUT_reg[6]_145[0] | data_mem/p_0_in             |                4 |              8 |         2.00 |
|  CLK_IBUF_BUFG | ex_mem/B_OUT_reg[1]_4[0]    | data_mem/p_0_in             |                3 |              8 |         2.67 |
|  CLK_IBUF_BUFG | ex_mem/OP_OUT_reg[6]_143[0] | data_mem/p_0_in             |                4 |              8 |         2.00 |
|  CLK_IBUF_BUFG | ex_mem/OP_OUT_reg[6]_142[0] | data_mem/p_0_in             |                2 |              8 |         4.00 |
|  CLK_IBUF_BUFG | ex_mem/OP_OUT_reg[6]_141[0] | data_mem/p_0_in             |                4 |              8 |         2.00 |
|  CLK_IBUF_BUFG | ex_mem/OP_OUT_reg[6]_140[0] | data_mem/p_0_in             |                2 |              8 |         4.00 |
|  CLK_IBUF_BUFG | ex_mem/OP_OUT_reg[6]_14[0]  | data_mem/p_0_in             |                7 |              8 |         1.14 |
|  CLK_IBUF_BUFG | ex_mem/OP_OUT_reg[6]_139[0] | data_mem/p_0_in             |                6 |              8 |         1.33 |
|  CLK_IBUF_BUFG | ex_mem/OP_OUT_reg[6]_138[0] | data_mem/p_0_in             |                2 |              8 |         4.00 |
|  CLK_IBUF_BUFG | ex_mem/OP_OUT_reg[6]_1[0]   | data_mem/p_0_in             |                2 |              8 |         4.00 |
|  CLK_IBUF_BUFG | ex_mem/OP_OUT_reg[6]_106[0] | data_mem/p_0_in             |                3 |              8 |         2.67 |
|  CLK_IBUF_BUFG | ex_mem/OP_OUT_reg[6]_105[0] | data_mem/p_0_in             |                3 |              8 |         2.67 |
|  CLK_IBUF_BUFG | ex_mem/OP_OUT_reg[6]_104[0] | data_mem/p_0_in             |                2 |              8 |         4.00 |
|  CLK_IBUF_BUFG | ex_mem/OP_OUT_reg[6]_103[0] | data_mem/p_0_in             |                3 |              8 |         2.67 |
|  CLK_IBUF_BUFG | ex_mem/OP_OUT_reg[6]_102[0] | data_mem/p_0_in             |                2 |              8 |         4.00 |
|  CLK_IBUF_BUFG | ex_mem/OP_OUT_reg[6]_101[0] | data_mem/p_0_in             |                4 |              8 |         2.00 |
|  CLK_IBUF_BUFG | ex_mem/OP_OUT_reg[6]_100[0] | data_mem/p_0_in             |                6 |              8 |         1.33 |
|  CLK_IBUF_BUFG | ex_mem/OP_OUT_reg[6]_10[0]  | data_mem/p_0_in             |                4 |              8 |         2.00 |
|  CLK_IBUF_BUFG | ex_mem/OP_OUT_reg[6]_120[0] | data_mem/p_0_in             |                1 |              8 |         8.00 |
|  CLK_IBUF_BUFG | ex_mem/E[0]                 | data_mem/p_0_in             |                4 |              8 |         2.00 |
|  CLK_IBUF_BUFG | ex_mem/B_OUT_reg[1]_9[0]    | data_mem/p_0_in             |                4 |              8 |         2.00 |
|  CLK_IBUF_BUFG | ex_mem/B_OUT_reg[1]_8[0]    | data_mem/p_0_in             |                1 |              8 |         8.00 |
|  CLK_IBUF_BUFG | ex_mem/B_OUT_reg[1]_7[0]    | data_mem/p_0_in             |                2 |              8 |         4.00 |
|  CLK_IBUF_BUFG | ex_mem/B_OUT_reg[1]_6[0]    | data_mem/p_0_in             |                2 |              8 |         4.00 |
|  CLK_IBUF_BUFG | ex_mem/B_OUT_reg[1]_5[0]    | data_mem/p_0_in             |                4 |              8 |         2.00 |
|  CLK_IBUF_BUFG | ex_mem/OP_OUT_reg[6]_153[0] | data_mem/p_0_in             |                1 |              8 |         8.00 |
|  CLK_IBUF_BUFG | ex_mem/OP_OUT_reg[6]_108[0] | data_mem/p_0_in             |                3 |              8 |         2.67 |
|  CLK_IBUF_BUFG | ex_mem/OP_OUT_reg[6]_121[0] | data_mem/p_0_in             |                2 |              8 |         4.00 |
|  CLK_IBUF_BUFG | ex_mem/OP_OUT_reg[6]_12[0]  | data_mem/p_0_in             |                1 |              8 |         8.00 |
|  CLK_IBUF_BUFG | ex_mem/OP_OUT_reg[6]_119[0] | data_mem/p_0_in             |                4 |              8 |         2.00 |
|  CLK_IBUF_BUFG | ex_mem/OP_OUT_reg[6]_118[0] | data_mem/p_0_in             |                3 |              8 |         2.67 |
|  CLK_IBUF_BUFG | ex_mem/OP_OUT_reg[6]_117[0] | data_mem/p_0_in             |                1 |              8 |         8.00 |
|  CLK_IBUF_BUFG | ex_mem/OP_OUT_reg[6]_116[0] | data_mem/p_0_in             |                3 |              8 |         2.67 |
|  CLK_IBUF_BUFG | ex_mem/OP_OUT_reg[6]_115[0] | data_mem/p_0_in             |                1 |              8 |         8.00 |
|  CLK_IBUF_BUFG | ex_mem/OP_OUT_reg[6]_114[0] | data_mem/p_0_in             |                4 |              8 |         2.00 |
|  CLK_IBUF_BUFG | ex_mem/OP_OUT_reg[6]_113[0] | data_mem/p_0_in             |                4 |              8 |         2.00 |
|  CLK_IBUF_BUFG | ex_mem/OP_OUT_reg[6]_112[0] | data_mem/p_0_in             |                3 |              8 |         2.67 |
|  CLK_IBUF_BUFG | ex_mem/OP_OUT_reg[6]_111[0] | data_mem/p_0_in             |                2 |              8 |         4.00 |
|  CLK_IBUF_BUFG | ex_mem/OP_OUT_reg[6]_110[0] | data_mem/p_0_in             |                3 |              8 |         2.67 |
|  CLK_IBUF_BUFG | ex_mem/OP_OUT_reg[6]_11[0]  | data_mem/p_0_in             |                4 |              8 |         2.00 |
|  CLK_IBUF_BUFG | ex_mem/OP_OUT_reg[6]_109[0] | data_mem/p_0_in             |                3 |              8 |         2.67 |
|  CLK_IBUF_BUFG | ex_mem/OP_OUT_reg[6]_107[0] | data_mem/p_0_in             |                1 |              8 |         8.00 |
|  CLK_IBUF_BUFG |                             |                             |               47 |            102 |         2.17 |
+----------------+-----------------------------+-----------------------------+------------------+----------------+--------------+


