
*** Running vivado
    with args -log pipeline.vdi -applog -m64 -product Vivado -messageDb vivado.pb -mode batch -source pipeline.tcl -notrace


****** Vivado v2024.2 (64-bit)
  **** SW Build 5239630 on Fri Nov 08 22:34:34 MST 2024
  **** IP Build 5239520 on Sun Nov 10 16:12:51 MST 2024
  **** SharedData Build 5239561 on Fri Nov 08 14:39:27 MST 2024
  **** Start of session at: Fri May 15 17:04:04 2026
    ** Copyright 1986-2022 Xilinx, Inc. All Rights Reserved.
    ** Copyright 2022-2024 Advanced Micro Devices, Inc. All Rights Reserved.

source pipeline.tcl -notrace
Command: link_design -top pipeline -part xc7a35tcpg236-1
Design is defaulting to srcset: sources_1
Design is defaulting to constrset: constrs_1
INFO: [Device 21-403] Loading part xc7a35tcpg236-1
Netlist sorting complete. Time (s): cpu = 00:00:00.01 ; elapsed = 00:00:00 . Memory (MB): peak = 1503.113 ; gain = 0.000 ; free physical = 6464 ; free virtual = 9494
INFO: [Netlist 29-17] Analyzing 429 Unisim elements for replacement
INFO: [Netlist 29-28] Unisim Transformation completed in 0 CPU seconds
INFO: [Project 1-479] Netlist was created with Vivado 2024.2
INFO: [Project 1-570] Preparing netlist for logic optimization
Parsing XDC File [/home/mougnibas/Bureau/4IR/S2/projet-systeme-info/VHDL/projet-systeme-info/projet-systeme-info.srcs/constrs_1/new/test.xdc]
Finished Parsing XDC File [/home/mougnibas/Bureau/4IR/S2/projet-systeme-info/VHDL/projet-systeme-info/projet-systeme-info.srcs/constrs_1/new/test.xdc]
INFO: [Opt 31-138] Pushed 0 inverter(s) to 0 load pin(s).
Netlist sorting complete. Time (s): cpu = 00:00:00 ; elapsed = 00:00:00 . Memory (MB): peak = 1720.734 ; gain = 0.000 ; free physical = 6343 ; free virtual = 9373
INFO: [Project 1-111] Unisim Transformation Summary:
No Unisim elements were transformed.

7 Infos, 0 Warnings, 0 Critical Warnings and 0 Errors encountered.
link_design completed successfully
Command: opt_design
Attempting to get a license for feature 'Implementation' and/or device 'xc7a35t'
INFO: [Common 17-349] Got license for feature 'Implementation' and/or device 'xc7a35t'
Running DRC as a precondition to command opt_design

Starting DRC Task
INFO: [DRC 23-27] Running DRC with 8 threads
INFO: [Project 1-461] DRC finished with 0 Errors
INFO: [Project 1-462] Please refer to the DRC report (report_drc) for more information.

Time (s): cpu = 00:00:01 ; elapsed = 00:00:00.45 . Memory (MB): peak = 1851.266 ; gain = 126.562 ; free physical = 6251 ; free virtual = 9282

Starting Cache Timing Information Task
INFO: [Timing 38-35] Done setting XDC timing constraints.
Ending Cache Timing Information Task | Checksum: 22400437e

Time (s): cpu = 00:00:06 ; elapsed = 00:00:06 . Memory (MB): peak = 2252.219 ; gain = 400.953 ; free physical = 5808 ; free virtual = 8847

Starting Logic Optimization Task

Phase 1 Initialization

Phase 1.1 Core Generation And Design Setup
Phase 1.1 Core Generation And Design Setup | Checksum: 22400437e

Time (s): cpu = 00:00:00 ; elapsed = 00:00:00 . Memory (MB): peak = 2595.023 ; gain = 0.000 ; free physical = 5480 ; free virtual = 8519

Phase 1.2 Setup Constraints And Sort Netlist
Phase 1.2 Setup Constraints And Sort Netlist | Checksum: 22400437e

Time (s): cpu = 00:00:00 ; elapsed = 00:00:00 . Memory (MB): peak = 2595.023 ; gain = 0.000 ; free physical = 5480 ; free virtual = 8519
Phase 1 Initialization | Checksum: 22400437e

Time (s): cpu = 00:00:00.01 ; elapsed = 00:00:00.01 . Memory (MB): peak = 2595.023 ; gain = 0.000 ; free physical = 5480 ; free virtual = 8519

Phase 2 Timer Update And Timing Data Collection

Phase 2.1 Timer Update
Phase 2.1 Timer Update | Checksum: 22400437e

Time (s): cpu = 00:00:00.1 ; elapsed = 00:00:00.03 . Memory (MB): peak = 2595.023 ; gain = 0.000 ; free physical = 5480 ; free virtual = 8519

Phase 2.2 Timing Data Collection
Phase 2.2 Timing Data Collection | Checksum: 22400437e

Time (s): cpu = 00:00:00.11 ; elapsed = 00:00:00.04 . Memory (MB): peak = 2595.023 ; gain = 0.000 ; free physical = 5480 ; free virtual = 8519
Phase 2 Timer Update And Timing Data Collection | Checksum: 22400437e

Time (s): cpu = 00:00:00.11 ; elapsed = 00:00:00.04 . Memory (MB): peak = 2595.023 ; gain = 0.000 ; free physical = 5480 ; free virtual = 8519

Phase 3 Retarget
INFO: [Opt 31-1851] Number of loadless carry chains removed were: 0
INFO: [Opt 31-1834] Total Chains To Be Transformed Were: 0 AND Number of Transformed insts Created are: 0
INFO: [Opt 31-138] Pushed 0 inverter(s) to 0 load pin(s).
INFO: [Opt 31-49] Retargeted 0 cell(s).
Phase 3 Retarget | Checksum: 22400437e

Time (s): cpu = 00:00:00.14 ; elapsed = 00:00:00.07 . Memory (MB): peak = 2595.023 ; gain = 0.000 ; free physical = 5480 ; free virtual = 8519
Retarget | Checksum: 22400437e
INFO: [Opt 31-389] Phase Retarget created 0 cells and removed 0 cells

Phase 4 Constant propagation
INFO: [Opt 31-138] Pushed 0 inverter(s) to 0 load pin(s).
Phase 4 Constant propagation | Checksum: 19de6850d

Time (s): cpu = 00:00:00.15 ; elapsed = 00:00:00.09 . Memory (MB): peak = 2595.023 ; gain = 0.000 ; free physical = 5480 ; free virtual = 8519
Constant propagation | Checksum: 19de6850d
INFO: [Opt 31-389] Phase Constant propagation created 0 cells and removed 0 cells

Phase 5 Sweep
INFO: [Constraints 18-11670] Building netlist checker database with flags, 0x8
Done building netlist checker database: Time (s): cpu = 00:00:00 ; elapsed = 00:00:00 . Memory (MB): peak = 2595.023 ; gain = 0.000 ; free physical = 5480 ; free virtual = 8519
Phase 5 Sweep | Checksum: 2816e3749

Time (s): cpu = 00:00:00.17 ; elapsed = 00:00:00.11 . Memory (MB): peak = 2595.023 ; gain = 0.000 ; free physical = 5480 ; free virtual = 8519
Sweep | Checksum: 2816e3749
INFO: [Opt 31-389] Phase Sweep created 8 cells and removed 0 cells

Phase 6 BUFG optimization
Phase 6 BUFG optimization | Checksum: 2816e3749

Time (s): cpu = 00:00:00.2 ; elapsed = 00:00:00.13 . Memory (MB): peak = 2627.039 ; gain = 32.016 ; free physical = 5476 ; free virtual = 8515
BUFG optimization | Checksum: 2816e3749
INFO: [Opt 31-662] Phase BUFG optimization created 0 cells of which 0 are BUFGs and removed 0 cells.

Phase 7 Shift Register Optimization
INFO: [Opt 31-1064] SRL Remap converted 0 SRLs to 0 registers and converted 0 registers of register chains to 0 SRLs
Phase 7 Shift Register Optimization | Checksum: 2816e3749

Time (s): cpu = 00:00:00.2 ; elapsed = 00:00:00.13 . Memory (MB): peak = 2627.039 ; gain = 32.016 ; free physical = 5476 ; free virtual = 8515
Shift Register Optimization | Checksum: 2816e3749
INFO: [Opt 31-389] Phase Shift Register Optimization created 0 cells and removed 0 cells

Phase 8 Post Processing Netlist
Phase 8 Post Processing Netlist | Checksum: 2816e3749

Time (s): cpu = 00:00:00.21 ; elapsed = 00:00:00.14 . Memory (MB): peak = 2627.039 ; gain = 32.016 ; free physical = 5476 ; free virtual = 8515
Post Processing Netlist | Checksum: 2816e3749
INFO: [Opt 31-389] Phase Post Processing Netlist created 0 cells and removed 0 cells

Phase 9 Finalization

Phase 9.1 Finalizing Design Cores and Updating Shapes
Phase 9.1 Finalizing Design Cores and Updating Shapes | Checksum: 28a79b5d3

Time (s): cpu = 00:00:00.26 ; elapsed = 00:00:00.15 . Memory (MB): peak = 2627.039 ; gain = 32.016 ; free physical = 5476 ; free virtual = 8515

Phase 9.2 Verifying Netlist Connectivity

Starting Connectivity Check Task

Time (s): cpu = 00:00:00.03 ; elapsed = 00:00:00 . Memory (MB): peak = 2627.039 ; gain = 0.000 ; free physical = 5476 ; free virtual = 8515
Phase 9.2 Verifying Netlist Connectivity | Checksum: 28a79b5d3

Time (s): cpu = 00:00:00.3 ; elapsed = 00:00:00.16 . Memory (MB): peak = 2627.039 ; gain = 32.016 ; free physical = 5476 ; free virtual = 8515
Phase 9 Finalization | Checksum: 28a79b5d3

Time (s): cpu = 00:00:00.3 ; elapsed = 00:00:00.16 . Memory (MB): peak = 2627.039 ; gain = 32.016 ; free physical = 5476 ; free virtual = 8515
Opt_design Change Summary
=========================


-------------------------------------------------------------------------------------------------------------------------
|  Phase                        |  #Cells created  |  #Cells Removed  |  #Constrained objects preventing optimizations  |
-------------------------------------------------------------------------------------------------------------------------
|  Retarget                     |               0  |               0  |                                              0  |
|  Constant propagation         |               0  |               0  |                                              0  |
|  Sweep                        |               8  |               0  |                                              0  |
|  BUFG optimization            |               0  |               0  |                                              0  |
|  Shift Register Optimization  |               0  |               0  |                                              0  |
|  Post Processing Netlist      |               0  |               0  |                                              0  |
-------------------------------------------------------------------------------------------------------------------------


Ending Logic Optimization Task | Checksum: 28a79b5d3

Time (s): cpu = 00:00:00.3 ; elapsed = 00:00:00.16 . Memory (MB): peak = 2627.039 ; gain = 32.016 ; free physical = 5476 ; free virtual = 8515

Starting Power Optimization Task
INFO: [Pwropt 34-132] Skipping clock gating for clocks with a period < 2.00 ns.
Ending Power Optimization Task | Checksum: 28a79b5d3

Time (s): cpu = 00:00:00 ; elapsed = 00:00:00.01 . Memory (MB): peak = 2627.039 ; gain = 0.000 ; free physical = 5476 ; free virtual = 8515

Starting Final Cleanup Task
Ending Final Cleanup Task | Checksum: 28a79b5d3

Time (s): cpu = 00:00:00 ; elapsed = 00:00:00 . Memory (MB): peak = 2627.039 ; gain = 0.000 ; free physical = 5476 ; free virtual = 8515

Starting Netlist Obfuscation Task
Netlist sorting complete. Time (s): cpu = 00:00:00 ; elapsed = 00:00:00 . Memory (MB): peak = 2627.039 ; gain = 0.000 ; free physical = 5476 ; free virtual = 8515
Ending Netlist Obfuscation Task | Checksum: 28a79b5d3

Time (s): cpu = 00:00:00 ; elapsed = 00:00:00 . Memory (MB): peak = 2627.039 ; gain = 0.000 ; free physical = 5476 ; free virtual = 8515
INFO: [Common 17-83] Releasing license: Implementation
27 Infos, 0 Warnings, 0 Critical Warnings and 0 Errors encountered.
opt_design completed successfully
opt_design: Time (s): cpu = 00:00:09 ; elapsed = 00:00:08 . Memory (MB): peak = 2627.039 ; gain = 902.336 ; free physical = 5476 ; free virtual = 8515
INFO: [Vivado 12-24828] Executing command : report_drc -file pipeline_drc_opted.rpt -pb pipeline_drc_opted.pb -rpx pipeline_drc_opted.rpx
Command: report_drc -file pipeline_drc_opted.rpt -pb pipeline_drc_opted.pb -rpx pipeline_drc_opted.rpx
INFO: [IP_Flow 19-234] Refreshing IP repositories
INFO: [IP_Flow 19-1704] No user IP repositories specified
INFO: [IP_Flow 19-2313] Loaded Vivado IP repository '/usr/local/Xilinx/Vivado/2024.2/data/ip'.
INFO: [DRC 23-27] Running DRC with 8 threads
INFO: [Vivado_Tcl 2-168] The results of DRC are in file /home/mougnibas/Bureau/4IR/S2/projet-systeme-info/VHDL/projet-systeme-info/projet-systeme-info.runs/impl_1/pipeline_drc_opted.rpt.
report_drc completed successfully
INFO: [Timing 38-480] Writing timing data to binary archive.
Write ShapeDB Complete: Time (s): cpu = 00:00:00.01 ; elapsed = 00:00:00 . Memory (MB): peak = 2641.914 ; gain = 0.000 ; free physical = 5442 ; free virtual = 8482
Wrote PlaceDB: Time (s): cpu = 00:00:00 ; elapsed = 00:00:00 . Memory (MB): peak = 2641.914 ; gain = 0.000 ; free physical = 5442 ; free virtual = 8482
Wrote PulsedLatchDB: Time (s): cpu = 00:00:00 ; elapsed = 00:00:00 . Memory (MB): peak = 2641.914 ; gain = 0.000 ; free physical = 5442 ; free virtual = 8482
Writing XDEF routing.
Writing XDEF routing logical nets.
Writing XDEF routing special nets.
Wrote RouteStorage: Time (s): cpu = 00:00:00.05 ; elapsed = 00:00:00.01 . Memory (MB): peak = 2641.914 ; gain = 0.000 ; free physical = 5442 ; free virtual = 8482
Wrote Netlist Cache: Time (s): cpu = 00:00:00 ; elapsed = 00:00:00 . Memory (MB): peak = 2641.914 ; gain = 0.000 ; free physical = 5442 ; free virtual = 8482
Wrote Device Cache: Time (s): cpu = 00:00:00.01 ; elapsed = 00:00:00 . Memory (MB): peak = 2641.914 ; gain = 0.000 ; free physical = 5442 ; free virtual = 8482
Write Physdb Complete: Time (s): cpu = 00:00:00.12 ; elapsed = 00:00:00.04 . Memory (MB): peak = 2641.914 ; gain = 0.000 ; free physical = 5441 ; free virtual = 8481
INFO: [Common 17-1381] The checkpoint '/home/mougnibas/Bureau/4IR/S2/projet-systeme-info/VHDL/projet-systeme-info/projet-systeme-info.runs/impl_1/pipeline_opt.dcp' has been generated.
Command: place_design
Attempting to get a license for feature 'Implementation' and/or device 'xc7a35t'
INFO: [Common 17-349] Got license for feature 'Implementation' and/or device 'xc7a35t'
INFO: [Common 17-83] Releasing license: Implementation
INFO: [DRC 23-27] Running DRC with 8 threads
INFO: [Vivado_Tcl 4-198] DRC finished with 0 Errors
INFO: [Vivado_Tcl 4-199] Please refer to the DRC report (report_drc) for more information.
Running DRC as a precondition to command place_design
INFO: [DRC 23-27] Running DRC with 8 threads
INFO: [Vivado_Tcl 4-198] DRC finished with 0 Errors
INFO: [Vivado_Tcl 4-199] Please refer to the DRC report (report_drc) for more information.
INFO: [Place 30-611] Multithreading enabled for place_design using a maximum of 8 CPUs

Starting Placer Task

Phase 1 Placer Initialization

Phase 1.1 Placer Initialization Netlist Sorting
Netlist sorting complete. Time (s): cpu = 00:00:00 ; elapsed = 00:00:00 . Memory (MB): peak = 2656.445 ; gain = 0.000 ; free physical = 5414 ; free virtual = 8454
Phase 1.1 Placer Initialization Netlist Sorting | Checksum: 1ef4e761d

Time (s): cpu = 00:00:00 ; elapsed = 00:00:00 . Memory (MB): peak = 2656.445 ; gain = 0.000 ; free physical = 5414 ; free virtual = 8454
Netlist sorting complete. Time (s): cpu = 00:00:00 ; elapsed = 00:00:00 . Memory (MB): peak = 2656.445 ; gain = 0.000 ; free physical = 5414 ; free virtual = 8454

Phase 1.2 IO Placement/ Clock Placement/ Build Placer Device
INFO: [Timing 38-35] Done setting XDC timing constraints.
Phase 1.2 IO Placement/ Clock Placement/ Build Placer Device | Checksum: 16cb253e3

Time (s): cpu = 00:00:00.62 ; elapsed = 00:00:00.2 . Memory (MB): peak = 2656.445 ; gain = 0.000 ; free physical = 5414 ; free virtual = 8454

Phase 1.3 Build Placer Netlist Model
Phase 1.3 Build Placer Netlist Model | Checksum: 1ee7fbb56

Time (s): cpu = 00:00:02 ; elapsed = 00:00:00.54 . Memory (MB): peak = 2695.488 ; gain = 39.043 ; free physical = 5414 ; free virtual = 8454

Phase 1.4 Constrain Clocks/Macros
Phase 1.4 Constrain Clocks/Macros | Checksum: 1ee7fbb56

Time (s): cpu = 00:00:02 ; elapsed = 00:00:00.55 . Memory (MB): peak = 2695.488 ; gain = 39.043 ; free physical = 5414 ; free virtual = 8454
Phase 1 Placer Initialization | Checksum: 1ee7fbb56

Time (s): cpu = 00:00:02 ; elapsed = 00:00:00.56 . Memory (MB): peak = 2695.488 ; gain = 39.043 ; free physical = 5414 ; free virtual = 8454

Phase 2 Global Placement

Phase 2.1 Floorplanning
Phase 2.1 Floorplanning | Checksum: 226f20a85

Time (s): cpu = 00:00:02 ; elapsed = 00:00:00.69 . Memory (MB): peak = 2695.488 ; gain = 39.043 ; free physical = 5414 ; free virtual = 8454

Phase 2.2 Update Timing before SLR Path Opt
Phase 2.2 Update Timing before SLR Path Opt | Checksum: 18ae4a8b8

Time (s): cpu = 00:00:03 ; elapsed = 00:00:00.8 . Memory (MB): peak = 2695.488 ; gain = 39.043 ; free physical = 5413 ; free virtual = 8453

Phase 2.3 Post-Processing in Floorplanning
Phase 2.3 Post-Processing in Floorplanning | Checksum: 18ae4a8b8

Time (s): cpu = 00:00:03 ; elapsed = 00:00:00.81 . Memory (MB): peak = 2695.488 ; gain = 39.043 ; free physical = 5413 ; free virtual = 8453

Phase 2.4 Global Place Phase1
Phase 2.4 Global Place Phase1 | Checksum: 25799602f

Time (s): cpu = 00:00:11 ; elapsed = 00:00:03 . Memory (MB): peak = 2695.488 ; gain = 39.043 ; free physical = 5327 ; free virtual = 8367

Phase 2.5 Global Place Phase2

Phase 2.5.1 UpdateTiming Before Physical Synthesis
Phase 2.5.1 UpdateTiming Before Physical Synthesis | Checksum: 25799602f

Time (s): cpu = 00:00:12 ; elapsed = 00:00:03 . Memory (MB): peak = 2695.488 ; gain = 39.043 ; free physical = 5327 ; free virtual = 8367

Phase 2.5.2 Physical Synthesis In Placer
INFO: [Physopt 32-1035] Found 0 LUTNM shape to break, 13 LUT instances to create LUTNM shape
INFO: [Physopt 32-1044] Break lutnm for timing: one critical 0, two critical 0, total 0, new lutff created 0
INFO: [Physopt 32-1138] End 1 Pass. Optimized 6 nets or LUTs. Breaked 0 LUT, combined 6 existing LUTs and moved 0 existing LUT
INFO: [Physopt 32-65] No nets found for high-fanout optimization.
INFO: [Physopt 32-232] Optimized 0 net. Created 0 new instance.
INFO: [Physopt 32-775] End 1 Pass. Optimized 0 net or cell. Created 0 new cell, deleted 0 existing cell and moved 0 existing cell
INFO: [Physopt 32-670] No setup violation found.  DSP Register Optimization was not performed.
INFO: [Physopt 32-670] No setup violation found.  Shift Register to Pipeline Optimization was not performed.
INFO: [Physopt 32-670] No setup violation found.  Shift Register Optimization was not performed.
INFO: [Physopt 32-670] No setup violation found.  BRAM Register Optimization was not performed.
INFO: [Physopt 32-670] No setup violation found.  URAM Register Optimization was not performed.
INFO: [Physopt 32-949] No candidate nets found for dynamic/static region interface net replication
INFO: [Physopt 32-775] End 1 Pass. Optimized 0 net or cell. Created 0 new cell, deleted 0 existing cell and moved 0 existing cell
Netlist sorting complete. Time (s): cpu = 00:00:00 ; elapsed = 00:00:00 . Memory (MB): peak = 2695.488 ; gain = 0.000 ; free physical = 5327 ; free virtual = 8367

Summary of Physical Synthesis Optimizations
============================================


-----------------------------------------------------------------------------------------------------------------------------------------------------------
|  Optimization                                     |  Added Cells  |  Removed Cells  |  Optimized Cells/Nets  |  Dont Touch  |  Iterations  |  Elapsed   |
-----------------------------------------------------------------------------------------------------------------------------------------------------------
|  LUT Combining                                    |            0  |              6  |                     6  |           0  |           1  |  00:00:00  |
|  Retime                                           |            0  |              0  |                     0  |           0  |           1  |  00:00:00  |
|  Very High Fanout                                 |            0  |              0  |                     0  |           0  |           1  |  00:00:00  |
|  DSP Register                                     |            0  |              0  |                     0  |           0  |           0  |  00:00:00  |
|  Shift Register to Pipeline                       |            0  |              0  |                     0  |           0  |           0  |  00:00:00  |
|  Shift Register                                   |            0  |              0  |                     0  |           0  |           0  |  00:00:00  |
|  BRAM Register                                    |            0  |              0  |                     0  |           0  |           0  |  00:00:00  |
|  URAM Register                                    |            0  |              0  |                     0  |           0  |           0  |  00:00:00  |
|  Dynamic/Static Region Interface Net Replication  |            0  |              0  |                     0  |           0  |           1  |  00:00:00  |
|  Total                                            |            0  |              6  |                     6  |           0  |           4  |  00:00:00  |
-----------------------------------------------------------------------------------------------------------------------------------------------------------


Phase 2.5.2 Physical Synthesis In Placer | Checksum: 14a41ab9a

Time (s): cpu = 00:00:13 ; elapsed = 00:00:03 . Memory (MB): peak = 2695.488 ; gain = 39.043 ; free physical = 5327 ; free virtual = 8367
Phase 2.5 Global Place Phase2 | Checksum: 1b6a36f38

Time (s): cpu = 00:00:14 ; elapsed = 00:00:03 . Memory (MB): peak = 2695.488 ; gain = 39.043 ; free physical = 5327 ; free virtual = 8367
Phase 2 Global Placement | Checksum: 1b6a36f38

Time (s): cpu = 00:00:14 ; elapsed = 00:00:03 . Memory (MB): peak = 2695.488 ; gain = 39.043 ; free physical = 5327 ; free virtual = 8367

Phase 3 Detail Placement

Phase 3.1 Commit Multi Column Macros
Phase 3.1 Commit Multi Column Macros | Checksum: 199d9d2b6

Time (s): cpu = 00:00:14 ; elapsed = 00:00:03 . Memory (MB): peak = 2695.488 ; gain = 39.043 ; free physical = 5330 ; free virtual = 8370

Phase 3.2 Commit Most Macros & LUTRAMs
Phase 3.2 Commit Most Macros & LUTRAMs | Checksum: 1d93b74fc

Time (s): cpu = 00:00:15 ; elapsed = 00:00:04 . Memory (MB): peak = 2695.488 ; gain = 39.043 ; free physical = 5330 ; free virtual = 8370

Phase 3.3 Area Swap Optimization
Phase 3.3 Area Swap Optimization | Checksum: 17c32dcc4

Time (s): cpu = 00:00:15 ; elapsed = 00:00:04 . Memory (MB): peak = 2695.488 ; gain = 39.043 ; free physical = 5330 ; free virtual = 8370

Phase 3.4 Pipeline Register Optimization
Phase 3.4 Pipeline Register Optimization | Checksum: 21512eab8

Time (s): cpu = 00:00:15 ; elapsed = 00:00:04 . Memory (MB): peak = 2695.488 ; gain = 39.043 ; free physical = 5330 ; free virtual = 8370

Phase 3.5 Small Shape Detail Placement
Phase 3.5 Small Shape Detail Placement | Checksum: 1f5cea144

Time (s): cpu = 00:00:16 ; elapsed = 00:00:05 . Memory (MB): peak = 2695.488 ; gain = 39.043 ; free physical = 5333 ; free virtual = 8373

Phase 3.6 Re-assign LUT pins
Phase 3.6 Re-assign LUT pins | Checksum: 19527288f

Time (s): cpu = 00:00:16 ; elapsed = 00:00:05 . Memory (MB): peak = 2695.488 ; gain = 39.043 ; free physical = 5333 ; free virtual = 8373

Phase 3.7 Pipeline Register Optimization
Phase 3.7 Pipeline Register Optimization | Checksum: 1f64722c3

Time (s): cpu = 00:00:16 ; elapsed = 00:00:05 . Memory (MB): peak = 2695.488 ; gain = 39.043 ; free physical = 5333 ; free virtual = 8373
Phase 3 Detail Placement | Checksum: 1f64722c3

Time (s): cpu = 00:00:16 ; elapsed = 00:00:05 . Memory (MB): peak = 2695.488 ; gain = 39.043 ; free physical = 5333 ; free virtual = 8373

Phase 4 Post Placement Optimization and Clean-Up

Phase 4.1 Post Commit Optimization
INFO: [Timing 38-35] Done setting XDC timing constraints.
Phase 4.1 Post Commit Optimization | Checksum: 1e199debd

Time (s): cpu = 00:00:18 ; elapsed = 00:00:05 . Memory (MB): peak = 2695.488 ; gain = 39.043 ; free physical = 5333 ; free virtual = 8373

Phase 4.2 Post Placement Cleanup
Phase 4.2 Post Placement Cleanup | Checksum: 1e199debd

Time (s): cpu = 00:00:18 ; elapsed = 00:00:05 . Memory (MB): peak = 2695.488 ; gain = 39.043 ; free physical = 5333 ; free virtual = 8373

Phase 4.3 Placer Reporting

Phase 4.3.1 Print Estimated Congestion
INFO: [Place 30-612] Post-Placement Estimated Congestion 
 ____________________________________________________
|           | Global Congestion | Short Congestion  |
| Direction | Region Size       | Region Size       |
|___________|___________________|___________________|
|      North|                1x1|                1x1|
|___________|___________________|___________________|
|      South|                1x1|                1x1|
|___________|___________________|___________________|
|       East|                1x1|                1x1|
|___________|___________________|___________________|
|       West|                1x1|                1x1|
|___________|___________________|___________________|

Phase 4.3.1 Print Estimated Congestion | Checksum: 1e199debd

Time (s): cpu = 00:00:18 ; elapsed = 00:00:05 . Memory (MB): peak = 2695.488 ; gain = 39.043 ; free physical = 5333 ; free virtual = 8373
Phase 4.3 Placer Reporting | Checksum: 1e199debd

Time (s): cpu = 00:00:18 ; elapsed = 00:00:05 . Memory (MB): peak = 2695.488 ; gain = 39.043 ; free physical = 5333 ; free virtual = 8373

Phase 4.4 Final Placement Cleanup
Netlist sorting complete. Time (s): cpu = 00:00:00 ; elapsed = 00:00:00 . Memory (MB): peak = 2695.488 ; gain = 0.000 ; free physical = 5333 ; free virtual = 8373

Time (s): cpu = 00:00:18 ; elapsed = 00:00:05 . Memory (MB): peak = 2695.488 ; gain = 39.043 ; free physical = 5333 ; free virtual = 8373
Phase 4 Post Placement Optimization and Clean-Up | Checksum: 1ca3e027c

Time (s): cpu = 00:00:18 ; elapsed = 00:00:05 . Memory (MB): peak = 2695.488 ; gain = 39.043 ; free physical = 5333 ; free virtual = 8373
Ending Placer Task | Checksum: 12a021a03

Time (s): cpu = 00:00:18 ; elapsed = 00:00:05 . Memory (MB): peak = 2695.488 ; gain = 39.043 ; free physical = 5333 ; free virtual = 8373
60 Infos, 0 Warnings, 0 Critical Warnings and 0 Errors encountered.
place_design completed successfully
place_design: Time (s): cpu = 00:00:20 ; elapsed = 00:00:06 . Memory (MB): peak = 2695.488 ; gain = 53.574 ; free physical = 5333 ; free virtual = 8373
INFO: [Vivado 12-24838] Running report commands "report_control_sets, report_io, report_utilization" in parallel.
Running report generation with 3 threads.
INFO: [Vivado 12-24828] Executing command : report_io -file pipeline_io_placed.rpt
report_io: Time (s): cpu = 00:00:00.14 ; elapsed = 00:00:00.12 . Memory (MB): peak = 2695.488 ; gain = 0.000 ; free physical = 5328 ; free virtual = 8368
INFO: [Vivado 12-24828] Executing command : report_utilization -file pipeline_utilization_placed.rpt -pb pipeline_utilization_placed.pb
INFO: [Vivado 12-24828] Executing command : report_control_sets -verbose -file pipeline_control_sets_placed.rpt
report_control_sets: Time (s): cpu = 00:00:00.12 ; elapsed = 00:00:00.13 . Memory (MB): peak = 2695.488 ; gain = 0.000 ; free physical = 5324 ; free virtual = 8364
INFO: [Timing 38-480] Writing timing data to binary archive.
Write ShapeDB Complete: Time (s): cpu = 00:00:00.02 ; elapsed = 00:00:00.01 . Memory (MB): peak = 2695.488 ; gain = 0.000 ; free physical = 5326 ; free virtual = 8366
Wrote PlaceDB: Time (s): cpu = 00:00:00.45 ; elapsed = 00:00:00.21 . Memory (MB): peak = 2695.488 ; gain = 0.000 ; free physical = 5316 ; free virtual = 8360
Wrote PulsedLatchDB: Time (s): cpu = 00:00:00 ; elapsed = 00:00:00 . Memory (MB): peak = 2695.488 ; gain = 0.000 ; free physical = 5316 ; free virtual = 8360
Writing XDEF routing.
Writing XDEF routing logical nets.
Writing XDEF routing special nets.
Wrote RouteStorage: Time (s): cpu = 00:00:00.01 ; elapsed = 00:00:00.01 . Memory (MB): peak = 2695.488 ; gain = 0.000 ; free physical = 5316 ; free virtual = 8360
Wrote Netlist Cache: Time (s): cpu = 00:00:00.01 ; elapsed = 00:00:00 . Memory (MB): peak = 2695.488 ; gain = 0.000 ; free physical = 5312 ; free virtual = 8357
Wrote Device Cache: Time (s): cpu = 00:00:00 ; elapsed = 00:00:00 . Memory (MB): peak = 2695.488 ; gain = 0.000 ; free physical = 5312 ; free virtual = 8357
Write Physdb Complete: Time (s): cpu = 00:00:00.47 ; elapsed = 00:00:00.29 . Memory (MB): peak = 2695.488 ; gain = 0.000 ; free physical = 5312 ; free virtual = 8357
INFO: [Common 17-1381] The checkpoint '/home/mougnibas/Bureau/4IR/S2/projet-systeme-info/VHDL/projet-systeme-info/projet-systeme-info.runs/impl_1/pipeline_placed.dcp' has been generated.
Command: phys_opt_design
Attempting to get a license for feature 'Implementation' and/or device 'xc7a35t'
INFO: [Common 17-349] Got license for feature 'Implementation' and/or device 'xc7a35t'

Starting Initial Update Timing Task

Time (s): cpu = 00:00:00.98 ; elapsed = 00:00:00.31 . Memory (MB): peak = 2695.488 ; gain = 0.000 ; free physical = 5310 ; free virtual = 8350
INFO: [Vivado_Tcl 4-2279] Estimated Timing Summary | WNS= 1490.324 | TNS= 0.000 | 
INFO: [Vivado_Tcl 4-383] Design worst setup slack (WNS) is greater than or equal to 0.000 ns. All physical synthesis setup optimizations will be skipped.
INFO: [Vivado_Tcl 4-232] No setup violation found. The netlist was not modified.
INFO: [Common 17-83] Releasing license: Implementation
71 Infos, 0 Warnings, 0 Critical Warnings and 0 Errors encountered.
phys_opt_design completed successfully
INFO: [Timing 38-480] Writing timing data to binary archive.
Write ShapeDB Complete: Time (s): cpu = 00:00:00.05 ; elapsed = 00:00:00.01 . Memory (MB): peak = 2695.488 ; gain = 0.000 ; free physical = 5310 ; free virtual = 8350
Wrote PlaceDB: Time (s): cpu = 00:00:00.65 ; elapsed = 00:00:00.27 . Memory (MB): peak = 2695.488 ; gain = 0.000 ; free physical = 5299 ; free virtual = 8345
Wrote PulsedLatchDB: Time (s): cpu = 00:00:00 ; elapsed = 00:00:00 . Memory (MB): peak = 2695.488 ; gain = 0.000 ; free physical = 5296 ; free virtual = 8342
Writing XDEF routing.
Writing XDEF routing logical nets.
Writing XDEF routing special nets.
Wrote RouteStorage: Time (s): cpu = 00:00:00.01 ; elapsed = 00:00:00.01 . Memory (MB): peak = 2695.488 ; gain = 0.000 ; free physical = 5296 ; free virtual = 8342
Wrote Netlist Cache: Time (s): cpu = 00:00:00 ; elapsed = 00:00:00 . Memory (MB): peak = 2695.488 ; gain = 0.000 ; free physical = 5295 ; free virtual = 8341
Wrote Device Cache: Time (s): cpu = 00:00:00.01 ; elapsed = 00:00:00 . Memory (MB): peak = 2695.488 ; gain = 0.000 ; free physical = 5295 ; free virtual = 8341
Write Physdb Complete: Time (s): cpu = 00:00:00.68 ; elapsed = 00:00:00.36 . Memory (MB): peak = 2695.488 ; gain = 0.000 ; free physical = 5295 ; free virtual = 8341
INFO: [Common 17-1381] The checkpoint '/home/mougnibas/Bureau/4IR/S2/projet-systeme-info/VHDL/projet-systeme-info/projet-systeme-info.runs/impl_1/pipeline_physopt.dcp' has been generated.
Command: route_design
Attempting to get a license for feature 'Implementation' and/or device 'xc7a35t'
INFO: [Common 17-349] Got license for feature 'Implementation' and/or device 'xc7a35t'


Starting Routing Task
INFO: [Route 35-254] Multithreading enabled for route_design using a maximum of 8 CPUs

Phase 1 Build RT Design
Checksum: PlaceDB: 686ac07b ConstDB: 0 ShapeSum: 2115fd31 RouteDB: a0815c57
Post Restoration Checksum: NetGraph: f10ce268 | NumContArr: 58a1de64 | Constraints: c2a8fa9d | Timing: c2a8fa9d
Phase 1 Build RT Design | Checksum: 2cf00b606

Time (s): cpu = 00:00:15 ; elapsed = 00:00:13 . Memory (MB): peak = 2791.707 ; gain = 96.219 ; free physical = 5242 ; free virtual = 8283

Phase 2 Router Initialization

Phase 2.1 Fix Topology Constraints
Phase 2.1 Fix Topology Constraints | Checksum: 2cf00b606

Time (s): cpu = 00:00:15 ; elapsed = 00:00:13 . Memory (MB): peak = 2791.707 ; gain = 96.219 ; free physical = 5242 ; free virtual = 8283

Phase 2.2 Pre Route Cleanup
Phase 2.2 Pre Route Cleanup | Checksum: 2cf00b606

Time (s): cpu = 00:00:15 ; elapsed = 00:00:13 . Memory (MB): peak = 2791.707 ; gain = 96.219 ; free physical = 5242 ; free virtual = 8283
 Number of Nodes with overlaps = 0

Phase 2.3 Update Timing
Phase 2.3 Update Timing | Checksum: 2ec402eb9

Time (s): cpu = 00:00:17 ; elapsed = 00:00:13 . Memory (MB): peak = 2824.770 ; gain = 129.281 ; free physical = 5225 ; free virtual = 8267
INFO: [Route 35-416] Intermediate Timing Summary | WNS=1490.457| TNS=0.000  | WHS=-0.102 | THS=-3.992 |


Router Utilization Summary
  Global Vertical Routing Utilization    = 0 %
  Global Horizontal Routing Utilization  = 0 %
  Routable Net Status*
  *Does not include unroutable nets such as driverless and loadless.
  Run report_route_status for detailed report.
  Number of Failed Nets               = 2947
    (Failed Nets is the sum of unrouted and partially routed nets)
  Number of Unrouted Nets             = 2947
  Number of Partially Routed Nets     = 0
  Number of Node Overlaps             = 0

Phase 2 Router Initialization | Checksum: 24cafb1e9

Time (s): cpu = 00:00:18 ; elapsed = 00:00:14 . Memory (MB): peak = 2824.770 ; gain = 129.281 ; free physical = 5219 ; free virtual = 8261

Phase 3 Global Routing
Phase 3 Global Routing | Checksum: 24cafb1e9

Time (s): cpu = 00:00:18 ; elapsed = 00:00:14 . Memory (MB): peak = 2824.770 ; gain = 129.281 ; free physical = 5219 ; free virtual = 8261

Phase 4 Initial Routing

Phase 4.1 Initial Net Routing Pass
Phase 4.1 Initial Net Routing Pass | Checksum: 254aeb69c

Time (s): cpu = 00:00:19 ; elapsed = 00:00:14 . Memory (MB): peak = 2829.863 ; gain = 134.375 ; free physical = 5201 ; free virtual = 8243
Phase 4 Initial Routing | Checksum: 254aeb69c

Time (s): cpu = 00:00:19 ; elapsed = 00:00:14 . Memory (MB): peak = 2829.863 ; gain = 134.375 ; free physical = 5201 ; free virtual = 8243

Phase 5 Rip-up And Reroute

Phase 5.1 Global Iteration 0
 Number of Nodes with overlaps = 217
 Number of Nodes with overlaps = 1
 Number of Nodes with overlaps = 0
INFO: [Route 35-416] Intermediate Timing Summary | WNS=1486.156| TNS=0.000  | WHS=N/A    | THS=N/A    |

Phase 5.1 Global Iteration 0 | Checksum: 257370d7b

Time (s): cpu = 00:00:21 ; elapsed = 00:00:15 . Memory (MB): peak = 2829.863 ; gain = 134.375 ; free physical = 5202 ; free virtual = 8244
Phase 5 Rip-up And Reroute | Checksum: 257370d7b

Time (s): cpu = 00:00:21 ; elapsed = 00:00:15 . Memory (MB): peak = 2829.863 ; gain = 134.375 ; free physical = 5202 ; free virtual = 8244

Phase 6 Delay and Skew Optimization

Phase 6.1 Delay CleanUp

Phase 6.1.1 Update Timing
Phase 6.1.1 Update Timing | Checksum: 257370d7b

Time (s): cpu = 00:00:21 ; elapsed = 00:00:15 . Memory (MB): peak = 2829.863 ; gain = 134.375 ; free physical = 5202 ; free virtual = 8244
INFO: [Route 35-416] Intermediate Timing Summary | WNS=1486.235| TNS=0.000  | WHS=N/A    | THS=N/A    |

Phase 6.1 Delay CleanUp | Checksum: 257370d7b

Time (s): cpu = 00:00:21 ; elapsed = 00:00:15 . Memory (MB): peak = 2829.863 ; gain = 134.375 ; free physical = 5202 ; free virtual = 8244

Phase 6.2 Clock Skew Optimization
Phase 6.2 Clock Skew Optimization | Checksum: 257370d7b

Time (s): cpu = 00:00:21 ; elapsed = 00:00:15 . Memory (MB): peak = 2829.863 ; gain = 134.375 ; free physical = 5202 ; free virtual = 8244
Phase 6 Delay and Skew Optimization | Checksum: 257370d7b

Time (s): cpu = 00:00:21 ; elapsed = 00:00:15 . Memory (MB): peak = 2829.863 ; gain = 134.375 ; free physical = 5202 ; free virtual = 8244

Phase 7 Post Hold Fix

Phase 7.1 Hold Fix Iter
INFO: [Route 35-416] Intermediate Timing Summary | WNS=1486.235| TNS=0.000  | WHS=0.069  | THS=0.000  |

Phase 7.1 Hold Fix Iter | Checksum: 285173832

Time (s): cpu = 00:00:21 ; elapsed = 00:00:15 . Memory (MB): peak = 2829.863 ; gain = 134.375 ; free physical = 5202 ; free virtual = 8244
Phase 7 Post Hold Fix | Checksum: 285173832

Time (s): cpu = 00:00:21 ; elapsed = 00:00:15 . Memory (MB): peak = 2829.863 ; gain = 134.375 ; free physical = 5202 ; free virtual = 8244

Phase 8 Route finalize

Router Utilization Summary
  Global Vertical Routing Utilization    = 1.08212 %
  Global Horizontal Routing Utilization  = 1.36231 %
  Routable Net Status*
  *Does not include unroutable nets such as driverless and loadless.
  Run report_route_status for detailed report.
  Number of Failed Nets               = 0
    (Failed Nets is the sum of unrouted and partially routed nets)
  Number of Unrouted Nets             = 0
  Number of Partially Routed Nets     = 0
  Number of Node Overlaps             = 0

Phase 8 Route finalize | Checksum: 285173832

Time (s): cpu = 00:00:22 ; elapsed = 00:00:15 . Memory (MB): peak = 2829.863 ; gain = 134.375 ; free physical = 5202 ; free virtual = 8244

Phase 9 Verifying routed nets

 Verification completed successfully
Phase 9 Verifying routed nets | Checksum: 285173832

Time (s): cpu = 00:00:22 ; elapsed = 00:00:15 . Memory (MB): peak = 2829.863 ; gain = 134.375 ; free physical = 5202 ; free virtual = 8244

Phase 10 Depositing Routes
Phase 10 Depositing Routes | Checksum: 247b1f487

Time (s): cpu = 00:00:22 ; elapsed = 00:00:15 . Memory (MB): peak = 2829.863 ; gain = 134.375 ; free physical = 5205 ; free virtual = 8247

Phase 11 Post Process Routing
Phase 11 Post Process Routing | Checksum: 247b1f487

Time (s): cpu = 00:00:22 ; elapsed = 00:00:15 . Memory (MB): peak = 2829.863 ; gain = 134.375 ; free physical = 5206 ; free virtual = 8247

Phase 12 Post Router Timing
INFO: [Route 35-57] Estimated Timing Summary | WNS=1486.235| TNS=0.000  | WHS=0.069  | THS=0.000  |

INFO: [Route 35-327] The final timing numbers are based on the router estimated timing analysis. For a complete and accurate timing signoff, please run report_timing_summary.
Phase 12 Post Router Timing | Checksum: 247b1f487

Time (s): cpu = 00:00:22 ; elapsed = 00:00:15 . Memory (MB): peak = 2829.863 ; gain = 134.375 ; free physical = 5206 ; free virtual = 8247
Total Elapsed time in route_design: 15.1 secs

Phase 13 Post-Route Event Processing
Phase 13 Post-Route Event Processing | Checksum: 1204416b4

Time (s): cpu = 00:00:22 ; elapsed = 00:00:15 . Memory (MB): peak = 2829.863 ; gain = 134.375 ; free physical = 5206 ; free virtual = 8247
INFO: [Route 35-16] Router Completed Successfully
Ending Routing Task | Checksum: 1204416b4

Time (s): cpu = 00:00:22 ; elapsed = 00:00:15 . Memory (MB): peak = 2829.863 ; gain = 134.375 ; free physical = 5206 ; free virtual = 8247

Routing Is Done.
INFO: [Common 17-83] Releasing license: Implementation
83 Infos, 0 Warnings, 0 Critical Warnings and 0 Errors encountered.
route_design completed successfully
route_design: Time (s): cpu = 00:00:22 ; elapsed = 00:00:15 . Memory (MB): peak = 2829.863 ; gain = 134.375 ; free physical = 5206 ; free virtual = 8247
INFO: [Vivado 12-24828] Executing command : report_drc -file pipeline_drc_routed.rpt -pb pipeline_drc_routed.pb -rpx pipeline_drc_routed.rpx
Command: report_drc -file pipeline_drc_routed.rpt -pb pipeline_drc_routed.pb -rpx pipeline_drc_routed.rpx
INFO: [IP_Flow 19-1839] IP Catalog is up to date.
INFO: [DRC 23-27] Running DRC with 8 threads
INFO: [Vivado_Tcl 2-168] The results of DRC are in file /home/mougnibas/Bureau/4IR/S2/projet-systeme-info/VHDL/projet-systeme-info/projet-systeme-info.runs/impl_1/pipeline_drc_routed.rpt.
report_drc completed successfully
INFO: [Vivado 12-24828] Executing command : report_methodology -file pipeline_methodology_drc_routed.rpt -pb pipeline_methodology_drc_routed.pb -rpx pipeline_methodology_drc_routed.rpx
Command: report_methodology -file pipeline_methodology_drc_routed.rpt -pb pipeline_methodology_drc_routed.pb -rpx pipeline_methodology_drc_routed.rpx
INFO: [Timing 38-35] Done setting XDC timing constraints.
INFO: [DRC 23-133] Running Methodology with 8 threads
INFO: [Vivado_Tcl 2-1520] The results of Report Methodology are in file /home/mougnibas/Bureau/4IR/S2/projet-systeme-info/VHDL/projet-systeme-info/projet-systeme-info.runs/impl_1/pipeline_methodology_drc_routed.rpt.
report_methodology completed successfully
INFO: [Vivado 12-24828] Executing command : report_timing_summary -max_paths 10 -report_unconstrained -file pipeline_timing_summary_routed.rpt -pb pipeline_timing_summary_routed.pb -rpx pipeline_timing_summary_routed.rpx -warn_on_violation 
INFO: [Timing 38-35] Done setting XDC timing constraints.
INFO: [Timing 38-91] UpdateTimingParams: Speed grade: -1, Delay Type: min_max.
INFO: [Timing 38-191] Multithreading enabled for timing update using a maximum of 8 CPUs
INFO: [Vivado 12-24838] Running report commands "report_bus_skew, report_incremental_reuse, report_route_status" in parallel.
Running report generation with 3 threads.
INFO: [Vivado 12-24828] Executing command : report_route_status -file pipeline_route_status.rpt -pb pipeline_route_status.pb
INFO: [Vivado 12-24828] Executing command : report_incremental_reuse -file pipeline_incremental_reuse_routed.rpt
INFO: [Vivado_Tcl 4-1062] Incremental flow is disabled. No incremental reuse Info to report.
INFO: [Vivado 12-24828] Executing command : report_bus_skew -warn_on_violation -file pipeline_bus_skew_routed.rpt -pb pipeline_bus_skew_routed.pb -rpx pipeline_bus_skew_routed.rpx
INFO: [Timing 38-91] UpdateTimingParams: Speed grade: -1, Delay Type: min_max.
INFO: [Timing 38-191] Multithreading enabled for timing update using a maximum of 8 CPUs
INFO: [Vivado 12-24828] Executing command : report_power -file pipeline_power_routed.rpt -pb pipeline_power_summary_routed.pb -rpx pipeline_power_routed.rpx
Command: report_power -file pipeline_power_routed.rpt -pb pipeline_power_summary_routed.pb -rpx pipeline_power_routed.rpx
Running Vector-less Activity Propagation...

Finished Running Vector-less Activity Propagation
103 Infos, 0 Warnings, 0 Critical Warnings and 0 Errors encountered.
report_power completed successfully
INFO: [Vivado 12-24828] Executing command : report_clock_utilization -file pipeline_clock_utilization_routed.rpt
generate_parallel_reports: Time (s): cpu = 00:00:23 ; elapsed = 00:00:05 . Memory (MB): peak = 2994.824 ; gain = 164.961 ; free physical = 5039 ; free virtual = 8084
INFO: [Timing 38-480] Writing timing data to binary archive.
Write ShapeDB Complete: Time (s): cpu = 00:00:00 ; elapsed = 00:00:00 . Memory (MB): peak = 2994.824 ; gain = 0.000 ; free physical = 5038 ; free virtual = 8083
Wrote PlaceDB: Time (s): cpu = 00:00:00.49 ; elapsed = 00:00:00.23 . Memory (MB): peak = 2994.824 ; gain = 0.000 ; free physical = 5027 ; free virtual = 8077
Wrote PulsedLatchDB: Time (s): cpu = 00:00:00 ; elapsed = 00:00:00 . Memory (MB): peak = 2994.824 ; gain = 0.000 ; free physical = 5024 ; free virtual = 8074
Writing XDEF routing.
Writing XDEF routing logical nets.
Writing XDEF routing special nets.
Wrote RouteStorage: Time (s): cpu = 00:00:00.08 ; elapsed = 00:00:00.05 . Memory (MB): peak = 2994.824 ; gain = 0.000 ; free physical = 5024 ; free virtual = 8074
Wrote Netlist Cache: Time (s): cpu = 00:00:00 ; elapsed = 00:00:00 . Memory (MB): peak = 2994.824 ; gain = 0.000 ; free physical = 5024 ; free virtual = 8075
Wrote Device Cache: Time (s): cpu = 00:00:00.01 ; elapsed = 00:00:00 . Memory (MB): peak = 2994.824 ; gain = 0.000 ; free physical = 5025 ; free virtual = 8076
Write Physdb Complete: Time (s): cpu = 00:00:00.58 ; elapsed = 00:00:00.35 . Memory (MB): peak = 2994.824 ; gain = 0.000 ; free physical = 5025 ; free virtual = 8076
INFO: [Common 17-1381] The checkpoint '/home/mougnibas/Bureau/4IR/S2/projet-systeme-info/VHDL/projet-systeme-info/projet-systeme-info.runs/impl_1/pipeline_routed.dcp' has been generated.
INFO: [Common 17-206] Exiting Vivado at Fri May 15 17:04:53 2026...
